
Memory Configuration

Name             Origin             Length             Attributes
FLASH            0x00000000         0x20000000         xr
SRAM             0x20000000         0x20000000         xrw
*default*        0x00000000         0xffffffff

Linker script and memory map


.text           0x00000000      0x204
 *(.vectors*)
 .vectors       0x00000000       0x10 startup.o
                0x00000000                g_p_fn_Vectors
 *(.text*)
 .text          0x00000010       0xe4 LED_init.o
                0x00000010                LED_Init
                0x00000088                LED_On
                0x000000bc                LED_Off
 .text          0x000000f4       0x64 main.o
                0x000000f4                main
                0x0000012c                Delay
 .text          0x00000158       0xac startup.o
                0x00000158                H_Fault_Handler
                0x00000158                Default_Handler
                0x00000158                NMI_Handler
                0x00000164                Reset_Handler
 *(.rodata)
                0x00000204                _E_text = .

.glue_7         0x00000204        0x0
 .glue_7        0x00000000        0x0 linker stubs

.glue_7t        0x00000204        0x0
 .glue_7t       0x00000000        0x0 linker stubs

.vfp11_veneer   0x00000204        0x0
 .vfp11_veneer  0x00000000        0x0 linker stubs

.v4_bx          0x00000204        0x0
 .v4_bx         0x00000000        0x0 linker stubs

.iplt           0x00000204        0x0
 .iplt          0x00000000        0x0 LED_init.o

.rel.dyn        0x00000204        0x0
 .rel.iplt      0x00000000        0x0 LED_init.o

.data           0x20000000        0x0 load address 0x00000204
                0x20000000                _S_data = .
 *(.data)
 .data          0x20000000        0x0 LED_init.o
 .data          0x20000000        0x0 main.o
 .data          0x20000000        0x0 startup.o
                0x20000000                . = ALIGN (0x4)
                0x20000000                _E_data = .

.igot.plt       0x20000000        0x0 load address 0x00000204
 .igot.plt      0x00000000        0x0 LED_init.o

.bss            0x20000000      0x400 load address 0x00000204
                0x20000000                _S_bss = .
 *(.bss*)
 .bss           0x20000000        0x0 LED_init.o
 .bss           0x20000000        0x0 main.o
 .bss           0x20000000      0x400 startup.o
                0x20000400                . = ALIGN (0x4)
                0x20000400                _E_bss = .
LOAD LED_init.o
LOAD main.o
LOAD startup.o
OUTPUT(unit3_lab3_CortexM4.elf elf32-littlearm)

.debug_info     0x00000000      0x366
 .debug_info    0x00000000      0x11f LED_init.o
 .debug_info    0x0000011f       0xc4 main.o
 .debug_info    0x000001e3      0x183 startup.o

.debug_abbrev   0x00000000      0x1d0
 .debug_abbrev  0x00000000       0x8e LED_init.o
 .debug_abbrev  0x0000008e       0x7a main.o
 .debug_abbrev  0x00000108       0xc8 startup.o

.debug_loc      0x00000000      0x170
 .debug_loc     0x00000000       0xa8 LED_init.o
 .debug_loc     0x000000a8       0x64 main.o
 .debug_loc     0x0000010c       0x64 startup.o

.debug_aranges  0x00000000       0x60
 .debug_aranges
                0x00000000       0x20 LED_init.o
 .debug_aranges
                0x00000020       0x20 main.o
 .debug_aranges
                0x00000040       0x20 startup.o

.debug_line     0x00000000      0x170
 .debug_line    0x00000000       0xa9 LED_init.o
 .debug_line    0x000000a9       0x5f main.o
 .debug_line    0x00000108       0x68 startup.o

.debug_str      0x00000000      0x1ae
 .debug_str     0x00000000      0x10d LED_init.o
                                0x14a (size before relaxing)
 .debug_str     0x0000010d       0x12 main.o
                                0x11a (size before relaxing)
 .debug_str     0x0000011f       0x8f startup.o
                                0x18a (size before relaxing)

.comment        0x00000000       0x11
 .comment       0x00000000       0x11 LED_init.o
                                 0x12 (size before relaxing)
 .comment       0x00000000       0x12 main.o
 .comment       0x00000000       0x12 startup.o

.ARM.attributes
                0x00000000       0x33
 .ARM.attributes
                0x00000000       0x33 LED_init.o
 .ARM.attributes
                0x00000033       0x33 main.o
 .ARM.attributes
                0x00000066       0x33 startup.o

.debug_frame    0x00000000       0xf8
 .debug_frame   0x00000000       0x64 LED_init.o
 .debug_frame   0x00000064       0x48 main.o
 .debug_frame   0x000000ac       0x4c startup.o
