../MCAL/stm32f103c8_i2c.c:29:6:MCAL_I2C_init	32	static
../MCAL/stm32f103c8_i2c.c:140:6:MCAL_I2C_deInit	16	static
../MCAL/stm32f103c8_i2c.c:154:6:MCAL_I2C_GPIO_setPins	24	static
../MCAL/stm32f103c8_i2c.c:196:6:MCAL_I2C_masterTx	32	static
../MCAL/stm32f103c8_i2c.c:246:6:MCAL_I2C_masterRx	32	static
../MCAL/stm32f103c8_i2c.c:303:6:MCAL_I2C_saveTx	16	static
../MCAL/stm32f103c8_i2c.c:310:6:MCAL_I2C_slaveRx	16	static
../MCAL/stm32f103c8_i2c.c:318:6:I2C_sendAddress	16	static
../MCAL/stm32f103c8_i2c.c:336:6:I2C_generateStart	16	static
../MCAL/stm32f103c8_i2c.c:349:6:I2C_generateStop	16	static
../MCAL/stm32f103c8_i2c.c:357:6:I2C_ACK_control	16	static
../MCAL/stm32f103c8_i2c.c:370:7:I2C_getFlagStatus	40	static
../MCAL/stm32f103c8_i2c.c:494:14:I2C_IRQ_type	24	static
../MCAL/stm32f103c8_i2c.c:534:6:I2C1_EV_IRQHandler	16	static
../MCAL/stm32f103c8_i2c.c:579:6:I2C1_ER_IRQHandler	4	static
../MCAL/stm32f103c8_i2c.c:583:6:I2C2_EV_IRQHandler	16	static
../MCAL/stm32f103c8_i2c.c:635:6:I2C2_ER_IRQHandler	4	static
