../MCAL/stm32f103c6_exti.c:15:6:NVIC_enableEXTI	16	static
../MCAL/stm32f103c6_exti.c:50:6:NVIC_disableEXTI	16	static
../MCAL/stm32f103c6_exti.c:85:6:MCAL_EXTI_init	24	static
../MCAL/stm32f103c6_exti.c:132:6:MCAL_EXTI_deInit	4	static
../MCAL/stm32f103c6_exti.c:154:6:EXTI0_IRQHandler	8	static
../MCAL/stm32f103c6_exti.c:161:6:EXTI1_IRQHandler	8	static
../MCAL/stm32f103c6_exti.c:167:6:EXTI2_IRQHandler	8	static
../MCAL/stm32f103c6_exti.c:173:6:EXTI3_IRQHandler	8	static
../MCAL/stm32f103c6_exti.c:179:6:EXTI4_IRQHandler	8	static
../MCAL/stm32f103c6_exti.c:184:6:EXTI9_5_IRQHandler	8	static
../MCAL/stm32f103c6_exti.c:207:6:EXTI15_10_IRQHandler	8	static
