
Memory Configuration

Name             Origin             Length             Attributes
FLASH            0x08000000         0x00020000         xr
SRAM             0x20000000         0x00005000         xrw
*default*        0x00000000         0xffffffff

Linker script and memory map


.text           0x08000000      0x1e0
 *(.vectors*)
 .vectors       0x08000000       0x1c startup.o
                0x08000000                vectors
 *(.text*)
 .text          0x0800001c       0xc0 LED_init.o
                0x0800001c                LED_Init
                0x08000070                LED_On
                0x080000a4                LED_Off
 .text          0x080000dc       0x58 main.o
                0x080000dc                main
                0x08000108                Delay
 .text          0x08000134       0xac startup.o
                0x08000134                Bus_Fault_Handler
                0x08000134                H_Fault_Handler
                0x08000134                MM_Fault_Handler
                0x08000134                Usage_Fault_Handler
                0x08000134                Default_Handler
                0x08000134                NMI_Handler
                0x08000140                Reset_Handler
 *(.rodata)
                0x080001e0                _E_text = .

.glue_7         0x080001e0        0x0
 .glue_7        0x00000000        0x0 linker stubs

.glue_7t        0x080001e0        0x0
 .glue_7t       0x00000000        0x0 linker stubs

.vfp11_veneer   0x080001e0        0x0
 .vfp11_veneer  0x00000000        0x0 linker stubs

.v4_bx          0x080001e0        0x0
 .v4_bx         0x00000000        0x0 linker stubs

.iplt           0x080001e0        0x0
 .iplt          0x00000000        0x0 LED_init.o

.rel.dyn        0x080001e0        0x0
 .rel.iplt      0x00000000        0x0 LED_init.o

.data           0x20000000        0x0 load address 0x080001e0
                0x20000000                _S_data = .
 *(.data)
 .data          0x20000000        0x0 LED_init.o
 .data          0x20000000        0x0 main.o
 .data          0x20000000        0x0 startup.o
                0x20000000                . = ALIGN (0x4)
                0x20000000                _E_data = .

.igot.plt       0x20000000        0x0 load address 0x080001e0
 .igot.plt      0x00000000        0x0 LED_init.o

.bss            0x20000000     0x1000 load address 0x080001e0
                0x20000000                _S_bss = .
 *(.bss*)
 .bss           0x20000000        0x0 LED_init.o
 .bss           0x20000000        0x0 main.o
 .bss           0x20000000        0x0 startup.o
                0x20000000                . = ALIGN (0x4)
                0x20000000                _E_bss = .
                0x20001000                . = (. + 0x1000)
 *fill*         0x20000000     0x1000 
                0x20001000                _stack_top = .
LOAD LED_init.o
LOAD main.o
LOAD startup.o
OUTPUT(learn_in_depth_cortexM3.elf elf32-littlearm)

.debug_info     0x00000000      0x324
 .debug_info    0x00000000       0xf8 LED_init.o
 .debug_info    0x000000f8       0xc4 main.o
 .debug_info    0x000001bc      0x168 startup.o

.debug_abbrev   0x00000000      0x1d1
 .debug_abbrev  0x00000000       0x95 LED_init.o
 .debug_abbrev  0x00000095       0x7a main.o
 .debug_abbrev  0x0000010f       0xc2 startup.o

.debug_loc      0x00000000      0x164
 .debug_loc     0x00000000       0x9c LED_init.o
 .debug_loc     0x0000009c       0x64 main.o
 .debug_loc     0x00000100       0x64 startup.o

.debug_aranges  0x00000000       0x60
 .debug_aranges
                0x00000000       0x20 LED_init.o
 .debug_aranges
                0x00000020       0x20 main.o
 .debug_aranges
                0x00000040       0x20 startup.o

.debug_line     0x00000000      0x1a8
 .debug_line    0x00000000       0x9c LED_init.o
 .debug_line    0x0000009c       0x5f main.o
 .debug_line    0x000000fb       0xad startup.o

.debug_str      0x00000000      0x1b6
 .debug_str     0x00000000      0x11b LED_init.o
                                0x158 (size before relaxing)
 .debug_str     0x0000011b       0x12 main.o
                                0x134 (size before relaxing)
 .debug_str     0x0000012d       0x89 startup.o
                                0x1a7 (size before relaxing)

.comment        0x00000000       0x11
 .comment       0x00000000       0x11 LED_init.o
                                 0x12 (size before relaxing)
 .comment       0x00000000       0x12 main.o
 .comment       0x00000000       0x12 startup.o

.ARM.attributes
                0x00000000       0x33
 .ARM.attributes
                0x00000000       0x33 LED_init.o
 .ARM.attributes
                0x00000033       0x33 main.o
 .ARM.attributes
                0x00000066       0x33 startup.o

.debug_frame    0x00000000       0xf4
 .debug_frame   0x00000000       0x60 LED_init.o
 .debug_frame   0x00000060       0x48 main.o
 .debug_frame   0x000000a8       0x4c startup.o
