Archive member included to satisfy reference by file (symbol)

F:/Program Files/ST/STM32CubeIDE_1.14.1/STM32CubeIDE/plugins/com.st.stm32cube.ide.mcu.externaltools.gnu-tools-for-stm32.11.3.rel1.win32_1.1.100.202309141235/tools/bin/../lib/gcc/arm-none-eabi/11.3.1/../../../../arm-none-eabi/lib/thumb/v7-m/nofp\libc_nano.a(libc_a-exit.o)
                              F:/Program Files/ST/STM32CubeIDE_1.14.1/STM32CubeIDE/plugins/com.st.stm32cube.ide.mcu.externaltools.gnu-tools-for-stm32.11.3.rel1.win32_1.1.100.202309141235/tools/bin/../lib/gcc/arm-none-eabi/11.3.1/../../../../arm-none-eabi/lib/thumb/v7-m/nofp/crt0.o (exit)
F:/Program Files/ST/STM32CubeIDE_1.14.1/STM32CubeIDE/plugins/com.st.stm32cube.ide.mcu.externaltools.gnu-tools-for-stm32.11.3.rel1.win32_1.1.100.202309141235/tools/bin/../lib/gcc/arm-none-eabi/11.3.1/../../../../arm-none-eabi/lib/thumb/v7-m/nofp\libc_nano.a(libc_a-itoa.o)
                              ./Src/HAL/lcd.o (itoa)
F:/Program Files/ST/STM32CubeIDE_1.14.1/STM32CubeIDE/plugins/com.st.stm32cube.ide.mcu.externaltools.gnu-tools-for-stm32.11.3.rel1.win32_1.1.100.202309141235/tools/bin/../lib/gcc/arm-none-eabi/11.3.1/../../../../arm-none-eabi/lib/thumb/v7-m/nofp\libc_nano.a(libc_a-utoa.o)
                              F:/Program Files/ST/STM32CubeIDE_1.14.1/STM32CubeIDE/plugins/com.st.stm32cube.ide.mcu.externaltools.gnu-tools-for-stm32.11.3.rel1.win32_1.1.100.202309141235/tools/bin/../lib/gcc/arm-none-eabi/11.3.1/../../../../arm-none-eabi/lib/thumb/v7-m/nofp\libc_nano.a(libc_a-itoa.o) (__utoa)
F:/Program Files/ST/STM32CubeIDE_1.14.1/STM32CubeIDE/plugins/com.st.stm32cube.ide.mcu.externaltools.gnu-tools-for-stm32.11.3.rel1.win32_1.1.100.202309141235/tools/bin/../lib/gcc/arm-none-eabi/11.3.1/../../../../arm-none-eabi/lib/thumb/v7-m/nofp\libc_nano.a(libc_a-findfp.o)
                              F:/Program Files/ST/STM32CubeIDE_1.14.1/STM32CubeIDE/plugins/com.st.stm32cube.ide.mcu.externaltools.gnu-tools-for-stm32.11.3.rel1.win32_1.1.100.202309141235/tools/bin/../lib/gcc/arm-none-eabi/11.3.1/../../../../arm-none-eabi/lib/thumb/v7-m/nofp\libc_nano.a(libc_a-exit.o) (__stdio_exit_handler)
F:/Program Files/ST/STM32CubeIDE_1.14.1/STM32CubeIDE/plugins/com.st.stm32cube.ide.mcu.externaltools.gnu-tools-for-stm32.11.3.rel1.win32_1.1.100.202309141235/tools/bin/../lib/gcc/arm-none-eabi/11.3.1/../../../../arm-none-eabi/lib/thumb/v7-m/nofp\libc_nano.a(libc_a-fwalk.o)
                              F:/Program Files/ST/STM32CubeIDE_1.14.1/STM32CubeIDE/plugins/com.st.stm32cube.ide.mcu.externaltools.gnu-tools-for-stm32.11.3.rel1.win32_1.1.100.202309141235/tools/bin/../lib/gcc/arm-none-eabi/11.3.1/../../../../arm-none-eabi/lib/thumb/v7-m/nofp\libc_nano.a(libc_a-findfp.o) (_fwalk_sglue)
F:/Program Files/ST/STM32CubeIDE_1.14.1/STM32CubeIDE/plugins/com.st.stm32cube.ide.mcu.externaltools.gnu-tools-for-stm32.11.3.rel1.win32_1.1.100.202309141235/tools/bin/../lib/gcc/arm-none-eabi/11.3.1/../../../../arm-none-eabi/lib/thumb/v7-m/nofp\libc_nano.a(libc_a-stdio.o)
                              F:/Program Files/ST/STM32CubeIDE_1.14.1/STM32CubeIDE/plugins/com.st.stm32cube.ide.mcu.externaltools.gnu-tools-for-stm32.11.3.rel1.win32_1.1.100.202309141235/tools/bin/../lib/gcc/arm-none-eabi/11.3.1/../../../../arm-none-eabi/lib/thumb/v7-m/nofp\libc_nano.a(libc_a-findfp.o) (__sread)
F:/Program Files/ST/STM32CubeIDE_1.14.1/STM32CubeIDE/plugins/com.st.stm32cube.ide.mcu.externaltools.gnu-tools-for-stm32.11.3.rel1.win32_1.1.100.202309141235/tools/bin/../lib/gcc/arm-none-eabi/11.3.1/../../../../arm-none-eabi/lib/thumb/v7-m/nofp\libc_nano.a(libc_a-memset.o)
                              F:/Program Files/ST/STM32CubeIDE_1.14.1/STM32CubeIDE/plugins/com.st.stm32cube.ide.mcu.externaltools.gnu-tools-for-stm32.11.3.rel1.win32_1.1.100.202309141235/tools/bin/../lib/gcc/arm-none-eabi/11.3.1/../../../../arm-none-eabi/lib/thumb/v7-m/nofp/crt0.o (memset)
F:/Program Files/ST/STM32CubeIDE_1.14.1/STM32CubeIDE/plugins/com.st.stm32cube.ide.mcu.externaltools.gnu-tools-for-stm32.11.3.rel1.win32_1.1.100.202309141235/tools/bin/../lib/gcc/arm-none-eabi/11.3.1/../../../../arm-none-eabi/lib/thumb/v7-m/nofp\libc_nano.a(libc_a-closer.o)
                              F:/Program Files/ST/STM32CubeIDE_1.14.1/STM32CubeIDE/plugins/com.st.stm32cube.ide.mcu.externaltools.gnu-tools-for-stm32.11.3.rel1.win32_1.1.100.202309141235/tools/bin/../lib/gcc/arm-none-eabi/11.3.1/../../../../arm-none-eabi/lib/thumb/v7-m/nofp\libc_nano.a(libc_a-stdio.o) (_close_r)
F:/Program Files/ST/STM32CubeIDE_1.14.1/STM32CubeIDE/plugins/com.st.stm32cube.ide.mcu.externaltools.gnu-tools-for-stm32.11.3.rel1.win32_1.1.100.202309141235/tools/bin/../lib/gcc/arm-none-eabi/11.3.1/../../../../arm-none-eabi/lib/thumb/v7-m/nofp\libc_nano.a(libc_a-reent.o)
[...]
Memory Configuration

Name             Origin             Length             Attributes
RAM              0x0000000020000000 0x0000000000002800 xrw
FLASH            0x0000000008000000 0x0000000000008000 xr
*default*        0x0000000000000000 0xffffffffffffffff

Linker script and memory map

LOAD F:/Program Files/ST/STM32CubeIDE_1.14.1/STM32CubeIDE/plugins/com.st.stm32cube.ide.mcu.externaltools.gnu-tools-for-stm32.11.3.rel1.win32_1.1.100.202309141235/tools/bin/../lib/gcc/arm-none-eabi/11.3.1/thumb/v7-m/nofp/crti.o
LOAD F:/Program Files/ST/STM32CubeIDE_1.14.1/STM32CubeIDE/plugins/com.st.stm32cube.ide.mcu.externaltools.gnu-tools-for-stm32.11.3.rel1.win32_1.1.100.202309141235/tools/bin/../lib/gcc/arm-none-eabi/11.3.1/thumb/v7-m/nofp/crtbegin.o
LOAD F:/Program Files/ST/STM32CubeIDE_1.14.1/STM32CubeIDE/plugins/com.st.stm32cube.ide.mcu.externaltools.gnu-tools-for-stm32.11.3.rel1.win32_1.1.100.202309141235/tools/bin/../lib/gcc/arm-none-eabi/11.3.1/../../../../arm-none-eabi/lib/thumb/v7-m/nofp/crt0.o
LOAD ./Src/HAL/keypad.o
LOAD ./Src/HAL/lcd.o
LOAD ./Src/HAL/seven_segment.o
LOAD ./Src/MCAL/delay.o
LOAD ./Src/MCAL/stm32f103c6_gpio.o
LOAD ./Src/main.o
LOAD ./Src/syscalls.o
LOAD ./Src/sysmem.o
LOAD ./Startup/startup_stm32f103c6tx.o
START GROUP
LOAD F:/Program Files/ST/STM32CubeIDE_1.14.1/STM32CubeIDE/plugins/com.st.stm32cube.ide.mcu.externaltools.gnu-tools-for-stm32.11.3.rel1.win32_1.1.100.202309141235/tools/bin/../lib/gcc/arm-none-eabi/11.3.1/../../../../arm-none-eabi/lib/thumb/v7-m/nofp\libc_nano.a
LOAD F:/Program Files/ST/STM32CubeIDE_1.14.1/STM32CubeIDE/plugins/com.st.stm32cube.ide.mcu.externaltools.gnu-tools-for-stm32.11.3.rel1.win32_1.1.100.202309141235/tools/bin/../lib/gcc/arm-none-eabi/11.3.1/../../../../arm-none-eabi/lib/thumb/v7-m/nofp\libm.a
END GROUP
START GROUP
LOAD F:/Program Files/ST/STM32CubeIDE_1.14.1/STM32CubeIDE/plugins/com.st.stm32cube.ide.mcu.externaltools.gnu-tools-for-stm32.11.3.rel1.win32_1.1.100.202309141235/tools/bin/../lib/gcc/arm-none-eabi/11.3.1/thumb/v7-m/nofp\libgcc.a
LOAD F:/Program Files/ST/STM32CubeIDE_1.14.1/STM32CubeIDE/plugins/com.st.stm32cube.ide.mcu.externaltools.gnu-tools-for-stm32.11.3.rel1.win32_1.1.100.202309141235/tools/bin/../lib/gcc/arm-none-eabi/11.3.1/../../../../arm-none-eabi/lib/thumb/v7-m/nofp\libg_nano.a
LOAD F:/Program Files/ST/STM32CubeIDE_1.14.1/STM32CubeIDE/plugins/com.st.stm32cube.ide.mcu.externaltools.gnu-tools-for-stm32.11.3.rel1.win32_1.1.100.202309141235/tools/bin/../lib/gcc/arm-none-eabi/11.3.1/../../../../arm-none-eabi/lib/thumb/v7-m/nofp\libc_nano.a
END GROUP
START GROUP
LOAD F:/Program Files/ST/STM32CubeIDE_1.14.1/STM32CubeIDE/plugins/com.st.stm32cube.ide.mcu.externaltools.gnu-tools-for-stm32.11.3.rel1.win32_1.1.100.202309141235/tools/bin/../lib/gcc/arm-none-eabi/11.3.1/thumb/v7-m/nofp\libgcc.a
LOAD F:/Program Files/ST/STM32CubeIDE_1.14.1/STM32CubeIDE/plugins/com.st.stm32cube.ide.mcu.externaltools.gnu-tools-for-stm32.11.3.rel1.win32_1.1.100.202309141235/tools/bin/../lib/gcc/arm-none-eabi/11.3.1/../../../../arm-none-eabi/lib/thumb/v7-m/nofp\libc_nano.a
LOAD F:/Program Files/ST/STM32CubeIDE_1.14.1/STM32CubeIDE/plugins/com.st.stm32cube.ide.mcu.externaltools.gnu-tools-for-stm32.11.3.rel1.win32_1.1.100.202309141235/tools/bin/../lib/gcc/arm-none-eabi/11.3.1/../../../../arm-none-eabi/lib/thumb/v7-m/nofp\libnosys.a
END GROUP
START GROUP
LOAD F:/Program Files/ST/STM32CubeIDE_1.14.1/STM32CubeIDE/plugins/com.st.stm32cube.ide.mcu.externaltools.gnu-tools-for-stm32.11.3.rel1.win32_1.1.100.202309141235/tools/bin/../lib/gcc/arm-none-eabi/11.3.1/thumb/v7-m/nofp\libgcc.a
LOAD F:/Program Files/ST/STM32CubeIDE_1.14.1/STM32CubeIDE/plugins/com.st.stm32cube.ide.mcu.externaltools.gnu-tools-for-stm32.11.3.rel1.win32_1.1.100.202309141235/tools/bin/../lib/gcc/arm-none-eabi/11.3.1/../../../../arm-none-eabi/lib/thumb/v7-m/nofp\libc_nano.a
LOAD F:/Program Files/ST/STM32CubeIDE_1.14.1/STM32CubeIDE/plugins/com.st.stm32cube.ide.mcu.externaltools.gnu-tools-for-stm32.11.3.rel1.win32_1.1.100.202309141235/tools/bin/../lib/gcc/arm-none-eabi/11.3.1/../../../../arm-none-eabi/lib/thumb/v7-m/nofp\libnosys.a
END GROUP
LOAD F:/Program Files/ST/STM32CubeIDE_1.14.1/STM32CubeIDE/plugins/com.st.stm32cube.ide.mcu.externaltools.gnu-tools-for-stm32.11.3.rel1.win32_1.1.100.202309141235/tools/bin/../lib/gcc/arm-none-eabi/11.3.1/thumb/v7-m/nofp/crtend.o
LOAD F:/Program Files/ST/STM32CubeIDE_1.14.1/STM32CubeIDE/plugins/com.st.stm32cube.ide.mcu.externaltools.gnu-tools-for-stm32.11.3.rel1.win32_1.1.100.202309141235/tools/bin/../lib/gcc/arm-none-eabi/11.3.1/thumb/v7-m/nofp/crtn.o
                0x0000000020002800                _estack = (ORIGIN (RAM) + LENGTH (RAM))
                0x0000000000000200                _Min_Heap_Size = 0x200
                0x0000000000000400                _Min_Stack_Size = 0x400

.isr_vector     0x0000000008000000      0x130
                0x0000000008000000                . = ALIGN (0x4)
 *(.isr_vector)
 .isr_vector    0x0000000008000000      0x130 ./Startup/startup_stm32f103c6tx.o
                0x0000000008000000                g_pfnVectors
                0x0000000008000130                . = ALIGN (0x4)

.text           0x0000000008000130     0x17e8
                0x0000000008000130                . = ALIGN (0x4)
 *(.text)
 .text          0x0000000008000130       0x40 F:/Program Files/ST/STM32CubeIDE_1.14.1/STM32CubeIDE/plugins/com.st.stm32cube.ide.mcu.externaltools.gnu-tools-for-stm32.11.3.rel1.win32_1.1.100.202309141235/tools/bin/../lib/gcc/arm-none-eabi/11.3.1/thumb/v7-m/nofp/crtbegin.o
 *(.text*)
 .text.KEYPAD_init
                0x0000000008000170       0xe0 ./Src/HAL/keypad.o
                0x0000000008000170                KEYPAD_init
 .text.KEYPAD_getPressedKey
                0x0000000008000250      0x15c ./Src/HAL/keypad.o
                0x0000000008000250                KEYPAD_getPressedKey
 .text.KEYPAD_decoder
                0x00000000080003ac       0xa0 ./Src/HAL/keypad.o
                0x00000000080003ac                KEYPAD_decoder
 .text.LCD_init
                0x000000000800044c       0x7c ./Src/HAL/lcd.o
                0x000000000800044c                LCD_init
 .text.LCD_sendCommand
                0x00000000080004c8       0x74 ./Src/HAL/lcd.o
                0x00000000080004c8                LCD_sendCommand
 .text.LCD_displayCharacter
                0x000000000800053c       0x74 ./Src/HAL/lcd.o
                0x000000000800053c                LCD_displayCharacter
 .text.LCD_displayString
                0x00000000080005b0       0x38 ./Src/HAL/lcd.o
                0x00000000080005b0                LCD_displayString
 .text.LCD_intgerToString
                0x00000000080005e8       0x28 ./Src/HAL/lcd.o
                0x00000000080005e8                LCD_intgerToString
 .text.LCD_clearScreen
                0x0000000008000610        0xe ./Src/HAL/lcd.o
                0x0000000008000610                LCD_clearScreen
 .text.SEVEN_SEGMENT_init
                0x000000000800061e       0x4e ./Src/HAL/seven_segment.o
                0x000000000800061e                SEVEN_SEGMENT_init
 .text.SEVEN_SEGMENT_turnOff
                0x000000000800066c       0x76 ./Src/HAL/seven_segment.o
                0x000000000800066c                SEVEN_SEGMENT_turnOff
 *fill*         0x00000000080006e2        0x2 
 .text.SEVEN_SEGMENT_display
                0x00000000080006e4      0xb5c ./Src/HAL/seven_segment.o
                0x00000000080006e4                SEVEN_SEGMENT_display
 .text._delay_ms
                0x0000000008001240       0x44 ./Src/MCAL/delay.o
                0x0000000008001240                _delay_ms
 .text.MCAL_GPIO_init
                0x0000000008001284      0x1e0 ./Src/MCAL/stm32f103c6_gpio.o
                0x0000000008001284                MCAL_GPIO_init
 .text.MCAL_GPIO_readPin
                0x0000000008001464       0x28 ./Src/MCAL/stm32f103c6_gpio.o
                0x0000000008001464                MCAL_GPIO_readPin
 .text.MCAL_GPIO_readPort
                0x000000000800148c       0x18 ./Src/MCAL/stm32f103c6_gpio.o
                0x000000000800148c                MCAL_GPIO_readPort
 .text.MCAL_GPIO_writePin
                0x00000000080014a4       0x3c ./Src/MCAL/stm32f103c6_gpio.o
                0x00000000080014a4                MCAL_GPIO_writePin
 .text.MCAL_GPIO_writePort
                0x00000000080014e0       0x1c ./Src/MCAL/stm32f103c6_gpio.o
                0x00000000080014e0                MCAL_GPIO_writePort
 .text.isOutput
                0x00000000080014fc       0x38 ./Src/MCAL/stm32f103c6_gpio.o
                0x00000000080014fc                isOutput
 .text.getCRLH_Position
                0x0000000008001534      0x170 ./Src/MCAL/stm32f103c6_gpio.o
                0x0000000008001534                getCRLH_Position
 .text.main     0x00000000080016a4      0x108 ./Src/main.o
                0x00000000080016a4                main
 .text.Reset_Handler
                0x00000000080017ac       0x50 ./Startup/startup_stm32f103c6tx.o
                0x00000000080017ac                Reset_Handler
 .text.Default_Handler
                0x00000000080017fc        0x2 ./Startup/startup_stm32f103c6tx.o
                0x00000000080017fc                EXTI2_IRQHandler
                0x00000000080017fc                TIM8_TRG_COM_IRQHandler
                0x00000000080017fc                TIM8_CC_IRQHandler
                0x00000000080017fc                DebugMon_Handler
                0x00000000080017fc                TIM1_CC_IRQHandler
                0x00000000080017fc                HardFault_Handler
                0x00000000080017fc                TIM6_IRQHandler
                0x00000000080017fc                SysTick_Handler
                0x00000000080017fc                PVD_IRQHandler
                0x00000000080017fc                SDIO_IRQHandler
                0x00000000080017fc                PendSV_Handler
                0x00000000080017fc                NMI_Handler
                0x00000000080017fc                EXTI3_IRQHandler
                0x00000000080017fc                USB_HP_CAN_TX_IRQHandler
                0x00000000080017fc                EXTI0_IRQHandler
                0x00000000080017fc                I2C2_EV_IRQHandler
                0x00000000080017fc                UsageFault_Handler
                0x00000000080017fc                ADC1_2_IRQHandler
                0x00000000080017fc                SPI1_IRQHandler
                0x00000000080017fc                CAN_SCE_IRQHandler
                0x00000000080017fc                TAMPER_IRQHandler
                0x00000000080017fc                TIM8_UP_IRQHandler
                0x00000000080017fc                DMA2_Channel2_IRQHandler
                0x00000000080017fc                DMA1_Channel4_IRQHandler
                0x00000000080017fc                USART3_IRQHandler
                0x00000000080017fc                RTC_IRQHandler
                0x00000000080017fc                DMA1_Channel7_IRQHandler
                0x00000000080017fc                UART5_IRQHandler
                0x00000000080017fc                ADC3_IRQHandler
                0x00000000080017fc                TIM4_IRQHandler
                0x00000000080017fc                CAN_RX1_IRQHandler
                0x00000000080017fc                DMA2_Channel1_IRQHandler
                0x00000000080017fc                I2C1_EV_IRQHandler
                0x00000000080017fc                DMA1_Channel6_IRQHandler
                0x00000000080017fc                UART4_IRQHandler
                0x00000000080017fc                TIM3_IRQHandler
                0x00000000080017fc                RCC_IRQHandler
                0x00000000080017fc                TIM1_TRG_COM_IRQHandler
                0x00000000080017fc                DMA1_Channel1_IRQHandler
                0x00000000080017fc                Default_Handler
                0x00000000080017fc                EXTI15_10_IRQHandler
                0x00000000080017fc                TIM7_IRQHandler
                0x00000000080017fc                TIM5_IRQHandler
                0x00000000080017fc                EXTI9_5_IRQHandler
                0x00000000080017fc                SPI2_IRQHandler
                0x00000000080017fc                USB_LP_CAN_RX0_IRQHandler
                0x00000000080017fc                MemManage_Handler
                0x00000000080017fc                SVC_Handler
                0x00000000080017fc                DMA1_Channel5_IRQHandler
                0x00000000080017fc                EXTI4_IRQHandler
                0x00000000080017fc                DMA1_Channel3_IRQHandler
                0x00000000080017fc                FSMC_IRQHandler
                0x00000000080017fc                TIM1_UP_IRQHandler
                0x00000000080017fc                WWDG_IRQHandler
                0x00000000080017fc                TIM2_IRQHandler
                0x00000000080017fc                TIM1_BRK_IRQHandler
                0x00000000080017fc                EXTI1_IRQHandler
                0x00000000080017fc                RTCAlarm_IRQHandler
                0x00000000080017fc                DMA2_Channel4_5_IRQHandler
                0x00000000080017fc                USART2_IRQHandler
                0x00000000080017fc                I2C2_ER_IRQHandler
                0x00000000080017fc                DMA1_Channel2_IRQHandler
                0x00000000080017fc                TIM8_BRK_IRQHandler
                0x00000000080017fc                FLASH_IRQHandler
                0x00000000080017fc                BusFault_Handler
                0x00000000080017fc                USART1_IRQHandler
                0x00000000080017fc                SPI3_IRQHandler
                0x00000000080017fc                I2C1_ER_IRQHandler
                0x00000000080017fc                DMA2_Channel3_IRQHandler
 .text.__itoa   0x00000000080017fe       0x30 F:/Program Files/ST/STM32CubeIDE_1.14.1/STM32CubeIDE/plugins/com.st.stm32cube.ide.mcu.externaltools.gnu-tools-for-stm32.11.3.rel1.win32_1.1.100.202309141235/tools/bin/../lib/gcc/arm-none-eabi/11.3.1/../../../../arm-none-eabi/lib/thumb/v7-m/nofp\libc_nano.a(libc_a-itoa.o)
                0x00000000080017fe                __itoa
 .text.itoa     0x000000000800182e        0x4 F:/Program Files/ST/STM32CubeIDE_1.14.1/STM32CubeIDE/plugins/com.st.stm32cube.ide.mcu.externaltools.gnu-tools-for-stm32.11.3.rel1.win32_1.1.100.202309141235/tools/bin/../lib/gcc/arm-none-eabi/11.3.1/../../../../arm-none-eabi/lib/thumb/v7-m/nofp\libc_nano.a(libc_a-itoa.o)
                0x000000000800182e                itoa
 *fill*         0x0000000008001832        0x2 
 .text.__utoa   0x0000000008001834       0x84 F:/Program Files/ST/STM32CubeIDE_1.14.1/STM32CubeIDE/plugins/com.st.stm32cube.ide.mcu.externaltools.gnu-tools-for-stm32.11.3.rel1.win32_1.1.100.202309141235/tools/bin/../lib/gcc/arm-none-eabi/11.3.1/../../../../arm-none-eabi/lib/thumb/v7-m/nofp\libc_nano.a(libc_a-utoa.o)
                0x0000000008001834                __utoa
 .text.__libc_init_array
                0x00000000080018b8       0x48 F:/Program Files/ST/STM32CubeIDE_1.14.1/STM32CubeIDE/plugins/com.st.stm32cube.ide.mcu.externaltools.gnu-tools-for-stm32.11.3.rel1.win32_1.1.100.202309141235/tools/bin/../lib/gcc/arm-none-eabi/11.3.1/../../../../arm-none-eabi/lib/thumb/v7-m/nofp\libc_nano.a(libc_a-init.o)
                0x00000000080018b8                __libc_init_array
 *(.glue_7)
 .glue_7        0x0000000008001900        0x0 linker stubs
 *(.glue_7t)
 .glue_7t       0x0000000008001900        0x0 linker stubs
 *(.eh_frame)
 .eh_frame      0x0000000008001900        0x0 F:/Program Files/ST/STM32CubeIDE_1.14.1/STM32CubeIDE/plugins/com.st.stm32cube.ide.mcu.externaltools.gnu-tools-for-stm32.11.3.rel1.win32_1.1.100.202309141235/tools/bin/../lib/gcc/arm-none-eabi/11.3.1/thumb/v7-m/nofp/crtbegin.o
 *(.init)
 .init          0x0000000008001900        0x4 F:/Program Files/ST/STM32CubeIDE_1.14.1/STM32CubeIDE/plugins/com.st.stm32cube.ide.mcu.externaltools.gnu-tools-for-stm32.11.3.rel1.win32_1.1.100.202309141235/tools/bin/../lib/gcc/arm-none-eabi/11.3.1/thumb/v7-m/nofp/crti.o
                0x0000000008001900                _init
 .init          0x0000000008001904        0x8 F:/Program Files/ST/STM32CubeIDE_1.14.1/STM32CubeIDE/plugins/com.st.stm32cube.ide.mcu.externaltools.gnu-tools-for-stm32.11.3.rel1.win32_1.1.100.202309141235/tools/bin/../lib/gcc/arm-none-eabi/11.3.1/thumb/v7-m/nofp/crtn.o
 *(.fini)
 .fini          0x000000000800190c        0x4 F:/Program Files/ST/STM32CubeIDE_1.14.1/STM32CubeIDE/plugins/com.st.stm32cube.ide.mcu.externaltools.gnu-tools-for-stm32.11.3.rel1.win32_1.1.100.202309141235/tools/bin/../lib/gcc/arm-none-eabi/11.3.1/thumb/v7-m/nofp/crti.o
                0x000000000800190c                _fini
 .fini          0x0000000008001910        0x8 F:/Program Files/ST/STM32CubeIDE_1.14.1/STM32CubeIDE/plugins/com.st.stm32cube.ide.mcu.externaltools.gnu-tools-for-stm32.11.3.rel1.win32_1.1.100.202309141235/tools/bin/../lib/gcc/arm-none-eabi/11.3.1/thumb/v7-m/nofp/crtn.o
                0x0000000008001918                . = ALIGN (0x4)
                0x0000000008001918                _etext = .

.vfp11_veneer   0x0000000008001918        0x0
 .vfp11_veneer  0x0000000008001918        0x0 linker stubs

.v4_bx          0x0000000008001918        0x0
 .v4_bx         0x0000000008001918        0x0 linker stubs

.iplt           0x0000000008001918        0x0
 .iplt          0x0000000008001918        0x0 F:/Program Files/ST/STM32CubeIDE_1.14.1/STM32CubeIDE/plugins/com.st.stm32cube.ide.mcu.externaltools.gnu-tools-for-stm32.11.3.rel1.win32_1.1.100.202309141235/tools/bin/../lib/gcc/arm-none-eabi/11.3.1/thumb/v7-m/nofp/crtbegin.o

.rodata         0x0000000008001918       0x6c
                0x0000000008001918                . = ALIGN (0x4)
 *(.rodata)
 .rodata        0x0000000008001918       0x20 ./Src/HAL/keypad.o
 .rodata        0x0000000008001938        0x4 ./Src/HAL/lcd.o
 .rodata        0x000000000800193c       0x20 ./Src/main.o
 *(.rodata*)
 .rodata.__utoa.str1.1
                0x000000000800195c       0x25 F:/Program Files/ST/STM32CubeIDE_1.14.1/STM32CubeIDE/plugins/com.st.stm32cube.ide.mcu.externaltools.gnu-tools-for-stm32.11.3.rel1.win32_1.1.100.202309141235/tools/bin/../lib/gcc/arm-none-eabi/11.3.1/../../../../arm-none-eabi/lib/thumb/v7-m/nofp\libc_nano.a(libc_a-utoa.o)
                0x0000000008001984                . = ALIGN (0x4)
 *fill*         0x0000000008001981        0x3 

.rel.dyn        0x0000000008001984        0x0
 .rel.iplt      0x0000000008001984        0x0 F:/Program Files/ST/STM32CubeIDE_1.14.1/STM32CubeIDE/plugins/com.st.stm32cube.ide.mcu.externaltools.gnu-tools-for-stm32.11.3.rel1.win32_1.1.100.202309141235/tools/bin/../lib/gcc/arm-none-eabi/11.3.1/thumb/v7-m/nofp/crtbegin.o

.ARM.extab      0x0000000008001984        0x0
                0x0000000008001984                . = ALIGN (0x4)
 *(.ARM.extab* .gnu.linkonce.armextab.*)
                0x0000000008001984                . = ALIGN (0x4)

.ARM            0x0000000008001984        0x0
                0x0000000008001984                . = ALIGN (0x4)
                0x0000000008001984                __exidx_start = .
 *(.ARM.exidx*)
                0x0000000008001984                __exidx_end = .
                0x0000000008001984                . = ALIGN (0x4)

.preinit_array  0x0000000008001984        0x0
                0x0000000008001984                . = ALIGN (0x4)
                0x0000000008001984                PROVIDE (__preinit_array_start = .)
 *(.preinit_array*)
                0x0000000008001984                PROVIDE (__preinit_array_end = .)
                0x0000000008001984                . = ALIGN (0x4)

.init_array     0x0000000008001984        0x4
                0x0000000008001984                . = ALIGN (0x4)
                0x0000000008001984                PROVIDE (__init_array_start = .)
 *(SORT_BY_NAME(.init_array.*))
 *(.init_array*)
 .init_array    0x0000000008001984        0x4 F:/Program Files/ST/STM32CubeIDE_1.14.1/STM32CubeIDE/plugins/com.st.stm32cube.ide.mcu.externaltools.gnu-tools-for-stm32.11.3.rel1.win32_1.1.100.202309141235/tools/bin/../lib/gcc/arm-none-eabi/11.3.1/thumb/v7-m/nofp/crtbegin.o
                0x0000000008001988                PROVIDE (__init_array_end = .)
                0x0000000008001988                . = ALIGN (0x4)

.fini_array     0x0000000008001988        0x4
                0x0000000008001988                . = ALIGN (0x4)
                [!provide]                        PROVIDE (__fini_array_start = .)
 *(SORT_BY_NAME(.fini_array.*))
 *(.fini_array*)
 .fini_array    0x0000000008001988        0x4 F:/Program Files/ST/STM32CubeIDE_1.14.1/STM32CubeIDE/plugins/com.st.stm32cube.ide.mcu.externaltools.gnu-tools-for-stm32.11.3.rel1.win32_1.1.100.202309141235/tools/bin/../lib/gcc/arm-none-eabi/11.3.1/thumb/v7-m/nofp/crtbegin.o
                [!provide]                        PROVIDE (__fini_array_end = .)
                0x000000000800198c                . = ALIGN (0x4)
                0x000000000800198c                _sidata = LOADADDR (.data)

.data           0x0000000020000000        0x0 load address 0x000000000800198c
                0x0000000020000000                . = ALIGN (0x4)
                0x0000000020000000                _sdata = .
 *(.data)
 *(.data*)
 *(.RamFunc)
 *(.RamFunc*)
                0x0000000020000000                . = ALIGN (0x4)
                0x0000000020000000                _edata = .

.igot.plt       0x0000000020000000        0x0 load address 0x000000000800198c
 .igot.plt      0x0000000020000000        0x0 F:/Program Files/ST/STM32CubeIDE_1.14.1/STM32CubeIDE/plugins/com.st.stm32cube.ide.mcu.externaltools.gnu-tools-for-stm32.11.3.rel1.win32_1.1.100.202309141235/tools/bin/../lib/gcc/arm-none-eabi/11.3.1/thumb/v7-m/nofp/crtbegin.o
                0x0000000020000000                . = ALIGN (0x4)

.bss            0x0000000020000000       0x1c load address 0x000000000800198c
                0x0000000020000000                _sbss = .
                0x0000000020000000                __bss_start__ = _sbss
 *(.bss)
 .bss           0x0000000020000000       0x1c F:/Program Files/ST/STM32CubeIDE_1.14.1/STM32CubeIDE/plugins/com.st.stm32cube.ide.mcu.externaltools.gnu-tools-for-stm32.11.3.rel1.win32_1.1.100.202309141235/tools/bin/../lib/gcc/arm-none-eabi/11.3.1/thumb/v7-m/nofp/crtbegin.o
 *(.bss*)
 *(COMMON)
                0x000000002000001c                . = ALIGN (0x4)
                0x000000002000001c                _ebss = .
                0x000000002000001c                __bss_end__ = _ebss

._user_heap_stack
                0x000000002000001c      0x604 load address 0x000000000800198c
                0x0000000020000020                . = ALIGN (0x8)
 *fill*         0x000000002000001c        0x4 
                [!provide]                        PROVIDE (end = .)
                0x0000000020000020                PROVIDE (_end = .)
                0x0000000020000220                . = (. + _Min_Heap_Size)
 *fill*         0x0000000020000020      0x200 
                0x0000000020000620                . = (. + _Min_Stack_Size)
 *fill*         0x0000000020000220      0x400 
                0x0000000020000620                . = ALIGN (0x8)

/DISCARD/
 libc.a(*)
 libm.a(*)
 libgcc.a(*)

.ARM.attributes
                0x0000000000000000       0x29
 *(.ARM.attributes)
 .ARM.attributes
                0x0000000000000000       0x1d F:/Program Files/ST/STM32CubeIDE_1.14.1/STM32CubeIDE/plugins/com.st.stm32cube.ide.mcu.externaltools.gnu-tools-for-stm32.11.3.rel1.win32_1.1.100.202309141235/tools/bin/../lib/gcc/arm-none-eabi/11.3.1/thumb/v7-m/nofp/crti.o
 .ARM.attributes
                0x000000000000001d       0x2d F:/Program Files/ST/STM32CubeIDE_1.14.1/STM32CubeIDE/plugins/com.st.stm32cube.ide.mcu.externaltools.gnu-tools-for-stm32.11.3.rel1.win32_1.1.100.202309141235/tools/bin/../lib/gcc/arm-none-eabi/11.3.1/thumb/v7-m/nofp/crtbegin.o
 .ARM.attributes
                0x000000000000004a       0x2d ./Src/HAL/keypad.o
 .ARM.attributes
                0x0000000000000077       0x2d ./Src/HAL/lcd.o
 .ARM.attributes
                0x00000000000000a4       0x2d ./Src/HAL/seven_segment.o
 .ARM.attributes
                0x00000000000000d1       0x2d ./Src/MCAL/delay.o
 .ARM.attributes
                0x00000000000000fe       0x2d ./Src/MCAL/stm32f103c6_gpio.o
 .ARM.attributes
                0x000000000000012b       0x2d ./Src/main.o
 .ARM.attributes
                0x0000000000000158       0x21 ./Startup/startup_stm32f103c6tx.o
 .ARM.attributes
                0x0000000000000179       0x2d F:/Program Files/ST/STM32CubeIDE_1.14.1/STM32CubeIDE/plugins/com.st.stm32cube.ide.mcu.externaltools.gnu-tools-for-stm32.11.3.rel1.win32_1.1.100.202309141235/tools/bin/../lib/gcc/arm-none-eabi/11.3.1/../../../../arm-none-eabi/lib/thumb/v7-m/nofp\libc_nano.a(libc_a-itoa.o)
 .ARM.attributes
                0x00000000000001a6       0x2d F:/Program Files/ST/STM32CubeIDE_1.14.1/STM32CubeIDE/plugins/com.st.stm32cube.ide.mcu.externaltools.gnu-tools-for-stm32.11.3.rel1.win32_1.1.100.202309141235/tools/bin/../lib/gcc/arm-none-eabi/11.3.1/../../../../arm-none-eabi/lib/thumb/v7-m/nofp\libc_nano.a(libc_a-utoa.o)
 .ARM.attributes
                0x00000000000001d3       0x2d F:/Program Files/ST/STM32CubeIDE_1.14.1/STM32CubeIDE/plugins/com.st.stm32cube.ide.mcu.externaltools.gnu-tools-for-stm32.11.3.rel1.win32_1.1.100.202309141235/tools/bin/../lib/gcc/arm-none-eabi/11.3.1/../../../../arm-none-eabi/lib/thumb/v7-m/nofp\libc_nano.a(libc_a-init.o)
 .ARM.attributes
                0x0000000000000200       0x1d F:/Program Files/ST/STM32CubeIDE_1.14.1/STM32CubeIDE/plugins/com.st.stm32cube.ide.mcu.externaltools.gnu-tools-for-stm32.11.3.rel1.win32_1.1.100.202309141235/tools/bin/../lib/gcc/arm-none-eabi/11.3.1/thumb/v7-m/nofp/crtn.o
OUTPUT(Unit7_Sec3_STM32_LCD_Keypad_7_Segment_STM32CubeProject.elf elf32-littlearm)
LOAD linker stubs
LOAD F:/Program Files/ST/STM32CubeIDE_1.14.1/STM32CubeIDE/plugins/com.st.stm32cube.ide.mcu.externaltools.gnu-tools-for-stm32.11.3.rel1.win32_1.1.100.202309141235/tools/bin/../lib/gcc/arm-none-eabi/11.3.1/../../../../arm-none-eabi/lib/thumb/v7-m/nofp\libc.a
LOAD F:/Program Files/ST/STM32CubeIDE_1.14.1/STM32CubeIDE/plugins/com.st.stm32cube.ide.mcu.externaltools.gnu-tools-for-stm32.11.3.rel1.win32_1.1.100.202309141235/tools/bin/../lib/gcc/arm-none-eabi/11.3.1/../../../../arm-none-eabi/lib/thumb/v7-m/nofp\libm.a
LOAD F:/Program Files/ST/STM32CubeIDE_1.14.1/STM32CubeIDE/plugins/com.st.stm32cube.ide.mcu.externaltools.gnu-tools-for-stm32.11.3.rel1.win32_1.1.100.202309141235/tools/bin/../lib/gcc/arm-none-eabi/11.3.1/thumb/v7-m/nofp\libgcc.a

.comment        0x0000000000000000       0x43
 .comment       0x0000000000000000       0x43 F:/Program Files/ST/STM32CubeIDE_1.14.1/STM32CubeIDE/plugins/com.st.stm32cube.ide.mcu.externaltools.gnu-tools-for-stm32.11.3.rel1.win32_1.1.100.202309141235/tools/bin/../lib/gcc/arm-none-eabi/11.3.1/thumb/v7-m/nofp/crtbegin.o
                                         0x44 (size before relaxing)
 .comment       0x0000000000000043       0x44 ./Src/HAL/keypad.o
 .comment       0x0000000000000043       0x44 ./Src/HAL/lcd.o
 .comment       0x0000000000000043       0x44 ./Src/HAL/seven_segment.o
 .comment       0x0000000000000043       0x44 ./Src/MCAL/delay.o
 .comment       0x0000000000000043       0x44 ./Src/MCAL/stm32f103c6_gpio.o
 .comment       0x0000000000000043       0x44 ./Src/main.o

.debug_info     0x0000000000000000     0x1347
 .debug_info    0x0000000000000000      0x359 ./Src/HAL/keypad.o
 .debug_info    0x0000000000000359      0x45c ./Src/HAL/lcd.o
 .debug_info    0x00000000000007b5      0x2a2 ./Src/HAL/seven_segment.o
 .debug_info    0x0000000000000a57       0xd0 ./Src/MCAL/delay.o
 .debug_info    0x0000000000000b27      0x49c ./Src/MCAL/stm32f103c6_gpio.o
 .debug_info    0x0000000000000fc3      0x362 ./Src/main.o
 .debug_info    0x0000000000001325       0x22 ./Startup/startup_stm32f103c6tx.o

.debug_abbrev   0x0000000000000000      0x66a
 .debug_abbrev  0x0000000000000000      0x142 ./Src/HAL/keypad.o
 .debug_abbrev  0x0000000000000142      0x18c ./Src/HAL/lcd.o
 .debug_abbrev  0x00000000000002ce       0xf9 ./Src/HAL/seven_segment.o
 .debug_abbrev  0x00000000000003c7       0x83 ./Src/MCAL/delay.o
 .debug_abbrev  0x000000000000044a      0x106 ./Src/MCAL/stm32f103c6_gpio.o
 .debug_abbrev  0x0000000000000550      0x108 ./Src/main.o
 .debug_abbrev  0x0000000000000658       0x12 ./Startup/startup_stm32f103c6tx.o

.debug_loc      0x0000000000000000      0x914
 .debug_loc     0x0000000000000000      0x100 ./Src/HAL/keypad.o
 .debug_loc     0x0000000000000100      0x304 ./Src/HAL/lcd.o
 .debug_loc     0x0000000000000404       0xf0 ./Src/HAL/seven_segment.o
 .debug_loc     0x00000000000004f4       0x5c ./Src/MCAL/delay.o
 .debug_loc     0x0000000000000550      0x38c ./Src/MCAL/stm32f103c6_gpio.o
 .debug_loc     0x00000000000008dc       0x38 ./Src/main.o

.debug_aranges  0x0000000000000000      0x1a0
 .debug_aranges
                0x0000000000000000       0x30 ./Src/HAL/keypad.o
 .debug_aranges
                0x0000000000000030       0x70 ./Src/HAL/lcd.o
 .debug_aranges
                0x00000000000000a0       0x30 ./Src/HAL/seven_segment.o
 .debug_aranges
                0x00000000000000d0       0x20 ./Src/MCAL/delay.o
 .debug_aranges
                0x00000000000000f0       0x68 ./Src/MCAL/stm32f103c6_gpio.o
 .debug_aranges
                0x0000000000000158       0x20 ./Src/main.o
 .debug_aranges
                0x0000000000000178       0x28 ./Startup/startup_stm32f103c6tx.o

.debug_ranges   0x0000000000000000      0x138
 .debug_ranges  0x0000000000000000       0x20 ./Src/HAL/keypad.o
 .debug_ranges  0x0000000000000020       0x60 ./Src/HAL/lcd.o
 .debug_ranges  0x0000000000000080       0x20 ./Src/HAL/seven_segment.o
 .debug_ranges  0x00000000000000a0       0x10 ./Src/MCAL/delay.o
 .debug_ranges  0x00000000000000b0       0x58 ./Src/MCAL/stm32f103c6_gpio.o
 .debug_ranges  0x0000000000000108       0x10 ./Src/main.o
 .debug_ranges  0x0000000000000118       0x20 ./Startup/startup_stm32f103c6tx.o

.debug_macro    0x0000000000000000     0x10e7
 .debug_macro   0x0000000000000000       0x54 ./Src/HAL/keypad.o
 .debug_macro   0x0000000000000054      0xaa2 ./Src/HAL/keypad.o
 .debug_macro   0x0000000000000af6       0x34 ./Src/HAL/keypad.o
 .debug_macro   0x0000000000000b2a       0x3a ./Src/HAL/keypad.o
 .debug_macro   0x0000000000000b64       0x9a ./Src/HAL/keypad.o
 .debug_macro   0x0000000000000bfe       0xc4 ./Src/HAL/keypad.o
 .debug_macro   0x0000000000000cc2       0xac ./Src/HAL/keypad.o
 .debug_macro   0x0000000000000d6e       0x54 ./Src/HAL/lcd.o
 .debug_macro   0x0000000000000dc2       0x9a ./Src/HAL/lcd.o
 .debug_macro   0x0000000000000e5c       0x47 ./Src/HAL/seven_segment.o
 .debug_macro   0x0000000000000ea3       0x94 ./Src/HAL/seven_segment.o
 .debug_macro   0x0000000000000f37       0x16 ./Src/HAL/seven_segment.o
 .debug_macro   0x0000000000000f4d       0x24 ./Src/MCAL/delay.o
 .debug_macro   0x0000000000000f71       0x38 ./Src/MCAL/stm32f103c6_gpio.o
 .debug_macro   0x0000000000000fa9       0x70 ./Src/main.o
 .debug_macro   0x0000000000001019       0xb2 ./Src/main.o
 .debug_macro   0x00000000000010cb       0x1c ./Src/main.o

.debug_line     0x0000000000000000     0x126f
 .debug_line    0x0000000000000000      0x2c1 ./Src/HAL/keypad.o
 .debug_line    0x00000000000002c1      0x30e ./Src/HAL/lcd.o
 .debug_line    0x00000000000005cf      0x5b9 ./Src/HAL/seven_segment.o
 .debug_line    0x0000000000000b88      0x102 ./Src/MCAL/delay.o
 .debug_line    0x0000000000000c8a      0x381 ./Src/MCAL/stm32f103c6_gpio.o
 .debug_line    0x000000000000100b      0x1e0 ./Src/main.o
 .debug_line    0x00000000000011eb       0x84 ./Startup/startup_stm32f103c6tx.o

.debug_str      0x0000000000000000     0x4307
 .debug_str     0x0000000000000000     0x3bf3 ./Src/HAL/keypad.o
                                       0x3c77 (size before relaxing)
 .debug_str     0x0000000000003bf3      0x45d ./Src/HAL/lcd.o
                                       0x3c1c (size before relaxing)
 .debug_str     0x0000000000004050      0x16b ./Src/HAL/seven_segment.o
                                       0x37a4 (size before relaxing)
 .debug_str     0x00000000000041bb       0x14 ./Src/MCAL/delay.o
                                       0x2ec0 (size before relaxing)
 .debug_str     0x00000000000041cf       0xeb ./Src/MCAL/stm32f103c6_gpio.o
                                       0x3777 (size before relaxing)
 .debug_str     0x00000000000042ba       0x1e ./Src/main.o
                                       0x4059 (size before relaxing)
 .debug_str     0x00000000000042d8       0x2f ./Startup/startup_stm32f103c6tx.o
                                         0x97 (size before relaxing)

.debug_frame    0x0000000000000000      0x540
 .debug_frame   0x0000000000000000       0x88 ./Src/HAL/keypad.o
 .debug_frame   0x0000000000000088      0x184 ./Src/HAL/lcd.o
 .debug_frame   0x000000000000020c       0x80 ./Src/HAL/seven_segment.o
 .debug_frame   0x000000000000028c       0x38 ./Src/MCAL/delay.o
 .debug_frame   0x00000000000002c4      0x1a0 ./Src/MCAL/stm32f103c6_gpio.o
 .debug_frame   0x0000000000000464       0x30 ./Src/main.o
 .debug_frame   0x0000000000000494       0x38 F:/Program Files/ST/STM32CubeIDE_1.14.1/STM32CubeIDE/plugins/com.st.stm32cube.ide.mcu.externaltools.gnu-tools-for-stm32.11.3.rel1.win32_1.1.100.202309141235/tools/bin/../lib/gcc/arm-none-eabi/11.3.1/../../../../arm-none-eabi/lib/thumb/v7-m/nofp\libc_nano.a(libc_a-itoa.o)
 .debug_frame   0x00000000000004cc       0x48 F:/Program Files/ST/STM32CubeIDE_1.14.1/STM32CubeIDE/plugins/com.st.stm32cube.ide.mcu.externaltools.gnu-tools-for-stm32.11.3.rel1.win32_1.1.100.202309141235/tools/bin/../lib/gcc/arm-none-eabi/11.3.1/../../../../arm-none-eabi/lib/thumb/v7-m/nofp\libc_nano.a(libc_a-utoa.o)
 .debug_frame   0x0000000000000514       0x2c F:/Program Files/ST/STM32CubeIDE_1.14.1/STM32CubeIDE/plugins/com.st.stm32cube.ide.mcu.externaltools.gnu-tools-for-stm32.11.3.rel1.win32_1.1.100.202309141235/tools/bin/../lib/gcc/arm-none-eabi/11.3.1/../../../../arm-none-eabi/lib/thumb/v7-m/nofp\libc_nano.a(libc_a-init.o)
