Archive member included to satisfy reference by file (symbol)

F:/Program Files/ST/STM32CubeIDE_1.14.1/STM32CubeIDE/plugins/com.st.stm32cube.ide.mcu.externaltools.gnu-tools-for-stm32.11.3.rel1.win32_1.1.100.202309141235/tools/bin/../lib/gcc/arm-none-eabi/11.3.1/../../../../arm-none-eabi/lib/thumb/v7-m/nofp\libc_nano.a(libc_a-exit.o)
                              F:/Program Files/ST/STM32CubeIDE_1.14.1/STM32CubeIDE/plugins/com.st.stm32cube.ide.mcu.externaltools.gnu-tools-for-stm32.11.3.rel1.win32_1.1.100.202309141235/tools/bin/../lib/gcc/arm-none-eabi/11.3.1/../../../../arm-none-eabi/lib/thumb/v7-m/nofp/crt0.o (exit)
F:/Program Files/ST/STM32CubeIDE_1.14.1/STM32CubeIDE/plugins/com.st.stm32cube.ide.mcu.externaltools.gnu-tools-for-stm32.11.3.rel1.win32_1.1.100.202309141235/tools/bin/../lib/gcc/arm-none-eabi/11.3.1/../../../../arm-none-eabi/lib/thumb/v7-m/nofp\libc_nano.a(libc_a-itoa.o)
                              ./HAL/lcd.o (itoa)
F:/Program Files/ST/STM32CubeIDE_1.14.1/STM32CubeIDE/plugins/com.st.stm32cube.ide.mcu.externaltools.gnu-tools-for-stm32.11.3.rel1.win32_1.1.100.202309141235/tools/bin/../lib/gcc/arm-none-eabi/11.3.1/../../../../arm-none-eabi/lib/thumb/v7-m/nofp\libc_nano.a(libc_a-utoa.o)
                              F:/Program Files/ST/STM32CubeIDE_1.14.1/STM32CubeIDE/plugins/com.st.stm32cube.ide.mcu.externaltools.gnu-tools-for-stm32.11.3.rel1.win32_1.1.100.202309141235/tools/bin/../lib/gcc/arm-none-eabi/11.3.1/../../../../arm-none-eabi/lib/thumb/v7-m/nofp\libc_nano.a(libc_a-itoa.o) (__utoa)
F:/Program Files/ST/STM32CubeIDE_1.14.1/STM32CubeIDE/plugins/com.st.stm32cube.ide.mcu.externaltools.gnu-tools-for-stm32.11.3.rel1.win32_1.1.100.202309141235/tools/bin/../lib/gcc/arm-none-eabi/11.3.1/../../../../arm-none-eabi/lib/thumb/v7-m/nofp\libc_nano.a(libc_a-findfp.o)
                              F:/Program Files/ST/STM32CubeIDE_1.14.1/STM32CubeIDE/plugins/com.st.stm32cube.ide.mcu.externaltools.gnu-tools-for-stm32.11.3.rel1.win32_1.1.100.202309141235/tools/bin/../lib/gcc/arm-none-eabi/11.3.1/../../../../arm-none-eabi/lib/thumb/v7-m/nofp\libc_nano.a(libc_a-exit.o) (__stdio_exit_handler)
F:/Program Files/ST/STM32CubeIDE_1.14.1/STM32CubeIDE/plugins/com.st.stm32cube.ide.mcu.externaltools.gnu-tools-for-stm32.11.3.rel1.win32_1.1.100.202309141235/tools/bin/../lib/gcc/arm-none-eabi/11.3.1/../../../../arm-none-eabi/lib/thumb/v7-m/nofp\libc_nano.a(libc_a-fwalk.o)
                              F:/Program Files/ST/STM32CubeIDE_1.14.1/STM32CubeIDE/plugins/com.st.stm32cube.ide.mcu.externaltools.gnu-tools-for-stm32.11.3.rel1.win32_1.1.100.202309141235/tools/bin/../lib/gcc/arm-none-eabi/11.3.1/../../../../arm-none-eabi/lib/thumb/v7-m/nofp\libc_nano.a(libc_a-findfp.o) (_fwalk_sglue)
F:/Program Files/ST/STM32CubeIDE_1.14.1/STM32CubeIDE/plugins/com.st.stm32cube.ide.mcu.externaltools.gnu-tools-for-stm32.11.3.rel1.win32_1.1.100.202309141235/tools/bin/../lib/gcc/arm-none-eabi/11.3.1/../../../../arm-none-eabi/lib/thumb/v7-m/nofp\libc_nano.a(libc_a-stdio.o)
                              F:/Program Files/ST/STM32CubeIDE_1.14.1/STM32CubeIDE/plugins/com.st.stm32cube.ide.mcu.externaltools.gnu-tools-for-stm32.11.3.rel1.win32_1.1.100.202309141235/tools/bin/../lib/gcc/arm-none-eabi/11.3.1/../../../../arm-none-eabi/lib/thumb/v7-m/nofp\libc_nano.a(libc_a-findfp.o) (__sread)
F:/Program Files/ST/STM32CubeIDE_1.14.1/STM32CubeIDE/plugins/com.st.stm32cube.ide.mcu.externaltools.gnu-tools-for-stm32.11.3.rel1.win32_1.1.100.202309141235/tools/bin/../lib/gcc/arm-none-eabi/11.3.1/../../../../arm-none-eabi/lib/thumb/v7-m/nofp\libc_nano.a(libc_a-memset.o)
                              F:/Program Files/ST/STM32CubeIDE_1.14.1/STM32CubeIDE/plugins/com.st.stm32cube.ide.mcu.externaltools.gnu-tools-for-stm32.11.3.rel1.win32_1.1.100.202309141235/tools/bin/../lib/gcc/arm-none-eabi/11.3.1/../../../../arm-none-eabi/lib/thumb/v7-m/nofp/crt0.o (memset)
F:/Program Files/ST/STM32CubeIDE_1.14.1/STM32CubeIDE/plugins/com.st.stm32cube.ide.mcu.externaltools.gnu-tools-for-stm32.11.3.rel1.win32_1.1.100.202309141235/tools/bin/../lib/gcc/arm-none-eabi/11.3.1/../../../../arm-none-eabi/lib/thumb/v7-m/nofp\libc_nano.a(libc_a-closer.o)
                              F:/Program Files/ST/STM32CubeIDE_1.14.1/STM32CubeIDE/plugins/com.st.stm32cube.ide.mcu.externaltools.gnu-tools-for-stm32.11.3.rel1.win32_1.1.100.202309141235/tools/bin/../lib/gcc/arm-none-eabi/11.3.1/../../../../arm-none-eabi/lib/thumb/v7-m/nofp\libc_nano.a(libc_a-stdio.o) (_close_r)
F:/Program Files/ST/STM32CubeIDE_1.14.1/STM32CubeIDE/plugins/com.st.stm32cube.ide.mcu.externaltools.gnu-tools-for-stm32.11.3.rel1.win32_1.1.100.202309141235/tools/bin/../lib/gcc/arm-none-eabi/11.3.1/../../../../arm-none-eabi/lib/thumb/v7-m/nofp\libc_nano.a(libc_a-reent.o)
[...]
Memory Configuration

Name             Origin             Length             Attributes
RAM              0x0000000020000000 0x0000000000002800 xrw
FLASH            0x0000000008000000 0x0000000000008000 xr
*default*        0x0000000000000000 0xffffffffffffffff

Linker script and memory map

LOAD F:/Program Files/ST/STM32CubeIDE_1.14.1/STM32CubeIDE/plugins/com.st.stm32cube.ide.mcu.externaltools.gnu-tools-for-stm32.11.3.rel1.win32_1.1.100.202309141235/tools/bin/../lib/gcc/arm-none-eabi/11.3.1/thumb/v7-m/nofp/crti.o
LOAD F:/Program Files/ST/STM32CubeIDE_1.14.1/STM32CubeIDE/plugins/com.st.stm32cube.ide.mcu.externaltools.gnu-tools-for-stm32.11.3.rel1.win32_1.1.100.202309141235/tools/bin/../lib/gcc/arm-none-eabi/11.3.1/thumb/v7-m/nofp/crtbegin.o
LOAD F:/Program Files/ST/STM32CubeIDE_1.14.1/STM32CubeIDE/plugins/com.st.stm32cube.ide.mcu.externaltools.gnu-tools-for-stm32.11.3.rel1.win32_1.1.100.202309141235/tools/bin/../lib/gcc/arm-none-eabi/11.3.1/../../../../arm-none-eabi/lib/thumb/v7-m/nofp/crt0.o
LOAD ./HAL/lcd.o
LOAD ./MCAL/delay.o
LOAD ./MCAL/stm32f103c6_exti.o
LOAD ./MCAL/stm32f103c6_gpio.o
LOAD ./Src/main.o
LOAD ./Src/syscalls.o
LOAD ./Src/sysmem.o
LOAD ./Startup/startup_stm32f103c6tx.o
START GROUP
LOAD F:/Program Files/ST/STM32CubeIDE_1.14.1/STM32CubeIDE/plugins/com.st.stm32cube.ide.mcu.externaltools.gnu-tools-for-stm32.11.3.rel1.win32_1.1.100.202309141235/tools/bin/../lib/gcc/arm-none-eabi/11.3.1/../../../../arm-none-eabi/lib/thumb/v7-m/nofp\libc_nano.a
LOAD F:/Program Files/ST/STM32CubeIDE_1.14.1/STM32CubeIDE/plugins/com.st.stm32cube.ide.mcu.externaltools.gnu-tools-for-stm32.11.3.rel1.win32_1.1.100.202309141235/tools/bin/../lib/gcc/arm-none-eabi/11.3.1/../../../../arm-none-eabi/lib/thumb/v7-m/nofp\libm.a
END GROUP
START GROUP
LOAD F:/Program Files/ST/STM32CubeIDE_1.14.1/STM32CubeIDE/plugins/com.st.stm32cube.ide.mcu.externaltools.gnu-tools-for-stm32.11.3.rel1.win32_1.1.100.202309141235/tools/bin/../lib/gcc/arm-none-eabi/11.3.1/thumb/v7-m/nofp\libgcc.a
LOAD F:/Program Files/ST/STM32CubeIDE_1.14.1/STM32CubeIDE/plugins/com.st.stm32cube.ide.mcu.externaltools.gnu-tools-for-stm32.11.3.rel1.win32_1.1.100.202309141235/tools/bin/../lib/gcc/arm-none-eabi/11.3.1/../../../../arm-none-eabi/lib/thumb/v7-m/nofp\libg_nano.a
LOAD F:/Program Files/ST/STM32CubeIDE_1.14.1/STM32CubeIDE/plugins/com.st.stm32cube.ide.mcu.externaltools.gnu-tools-for-stm32.11.3.rel1.win32_1.1.100.202309141235/tools/bin/../lib/gcc/arm-none-eabi/11.3.1/../../../../arm-none-eabi/lib/thumb/v7-m/nofp\libc_nano.a
END GROUP
START GROUP
LOAD F:/Program Files/ST/STM32CubeIDE_1.14.1/STM32CubeIDE/plugins/com.st.stm32cube.ide.mcu.externaltools.gnu-tools-for-stm32.11.3.rel1.win32_1.1.100.202309141235/tools/bin/../lib/gcc/arm-none-eabi/11.3.1/thumb/v7-m/nofp\libgcc.a
LOAD F:/Program Files/ST/STM32CubeIDE_1.14.1/STM32CubeIDE/plugins/com.st.stm32cube.ide.mcu.externaltools.gnu-tools-for-stm32.11.3.rel1.win32_1.1.100.202309141235/tools/bin/../lib/gcc/arm-none-eabi/11.3.1/../../../../arm-none-eabi/lib/thumb/v7-m/nofp\libc_nano.a
LOAD F:/Program Files/ST/STM32CubeIDE_1.14.1/STM32CubeIDE/plugins/com.st.stm32cube.ide.mcu.externaltools.gnu-tools-for-stm32.11.3.rel1.win32_1.1.100.202309141235/tools/bin/../lib/gcc/arm-none-eabi/11.3.1/../../../../arm-none-eabi/lib/thumb/v7-m/nofp\libnosys.a
END GROUP
START GROUP
LOAD F:/Program Files/ST/STM32CubeIDE_1.14.1/STM32CubeIDE/plugins/com.st.stm32cube.ide.mcu.externaltools.gnu-tools-for-stm32.11.3.rel1.win32_1.1.100.202309141235/tools/bin/../lib/gcc/arm-none-eabi/11.3.1/thumb/v7-m/nofp\libgcc.a
LOAD F:/Program Files/ST/STM32CubeIDE_1.14.1/STM32CubeIDE/plugins/com.st.stm32cube.ide.mcu.externaltools.gnu-tools-for-stm32.11.3.rel1.win32_1.1.100.202309141235/tools/bin/../lib/gcc/arm-none-eabi/11.3.1/../../../../arm-none-eabi/lib/thumb/v7-m/nofp\libc_nano.a
LOAD F:/Program Files/ST/STM32CubeIDE_1.14.1/STM32CubeIDE/plugins/com.st.stm32cube.ide.mcu.externaltools.gnu-tools-for-stm32.11.3.rel1.win32_1.1.100.202309141235/tools/bin/../lib/gcc/arm-none-eabi/11.3.1/../../../../arm-none-eabi/lib/thumb/v7-m/nofp\libnosys.a
END GROUP
LOAD F:/Program Files/ST/STM32CubeIDE_1.14.1/STM32CubeIDE/plugins/com.st.stm32cube.ide.mcu.externaltools.gnu-tools-for-stm32.11.3.rel1.win32_1.1.100.202309141235/tools/bin/../lib/gcc/arm-none-eabi/11.3.1/thumb/v7-m/nofp/crtend.o
LOAD F:/Program Files/ST/STM32CubeIDE_1.14.1/STM32CubeIDE/plugins/com.st.stm32cube.ide.mcu.externaltools.gnu-tools-for-stm32.11.3.rel1.win32_1.1.100.202309141235/tools/bin/../lib/gcc/arm-none-eabi/11.3.1/thumb/v7-m/nofp/crtn.o
                0x0000000020002800                _estack = (ORIGIN (RAM) + LENGTH (RAM))
                0x0000000000000200                _Min_Heap_Size = 0x200
                0x0000000000000400                _Min_Stack_Size = 0x400

.isr_vector     0x0000000008000000      0x130
                0x0000000008000000                . = ALIGN (0x4)
 *(.isr_vector)
 .isr_vector    0x0000000008000000      0x130 ./Startup/startup_stm32f103c6tx.o
                0x0000000008000000                g_pfnVectors
                0x0000000008000130                . = ALIGN (0x4)

.text           0x0000000008000130      0xcf0
                0x0000000008000130                . = ALIGN (0x4)
 *(.text)
 .text          0x0000000008000130       0x40 F:/Program Files/ST/STM32CubeIDE_1.14.1/STM32CubeIDE/plugins/com.st.stm32cube.ide.mcu.externaltools.gnu-tools-for-stm32.11.3.rel1.win32_1.1.100.202309141235/tools/bin/../lib/gcc/arm-none-eabi/11.3.1/thumb/v7-m/nofp/crtbegin.o
 *(.text*)
 .text.LCD_init
                0x0000000008000170       0x7c ./HAL/lcd.o
                0x0000000008000170                LCD_init
 .text.LCD_sendCommand
                0x00000000080001ec       0x74 ./HAL/lcd.o
                0x00000000080001ec                LCD_sendCommand
 .text.LCD_displayCharacter
                0x0000000008000260       0x74 ./HAL/lcd.o
                0x0000000008000260                LCD_displayCharacter
 .text.LCD_displayString
                0x00000000080002d4       0x38 ./HAL/lcd.o
                0x00000000080002d4                LCD_displayString
 .text.LCD_clearScreen
                0x000000000800030c        0xe ./HAL/lcd.o
                0x000000000800030c                LCD_clearScreen
 .text._delay_ms
                0x000000000800031a       0x44 ./MCAL/delay.o
                0x000000000800031a                _delay_ms
 *fill*         0x000000000800035e        0x2 
 .text.NVIC_enableEXTI
                0x0000000008000360       0xcc ./MCAL/stm32f103c6_exti.o
                0x0000000008000360                NVIC_enableEXTI
 .text.NVIC_disableEXTI
                0x000000000800042c       0xcc ./MCAL/stm32f103c6_exti.o
                0x000000000800042c                NVIC_disableEXTI
 .text.MCAL_EXTI_init
                0x00000000080004f8      0x1e0 ./MCAL/stm32f103c6_exti.o
                0x00000000080004f8                MCAL_EXTI_init
 .text.EXTI0_IRQHandler
                0x00000000080006d8       0x24 ./MCAL/stm32f103c6_exti.o
                0x00000000080006d8                EXTI0_IRQHandler
 .text.EXTI1_IRQHandler
                0x00000000080006fc       0x24 ./MCAL/stm32f103c6_exti.o
                0x00000000080006fc                EXTI1_IRQHandler
 .text.EXTI2_IRQHandler
                0x0000000008000720       0x24 ./MCAL/stm32f103c6_exti.o
                0x0000000008000720                EXTI2_IRQHandler
 .text.EXTI3_IRQHandler
                0x0000000008000744       0x24 ./MCAL/stm32f103c6_exti.o
                0x0000000008000744                EXTI3_IRQHandler
 .text.EXTI4_IRQHandler
                0x0000000008000768       0x24 ./MCAL/stm32f103c6_exti.o
                0x0000000008000768                EXTI4_IRQHandler
 .text.EXTI9_5_IRQHandler
                0x000000000800078c       0xa8 ./MCAL/stm32f103c6_exti.o
                0x000000000800078c                EXTI9_5_IRQHandler
 .text.EXTI15_10_IRQHandler
                0x0000000008000834       0xc4 ./MCAL/stm32f103c6_exti.o
                0x0000000008000834                EXTI15_10_IRQHandler
 .text.MCAL_GPIO_init
                0x00000000080008f8      0x1e0 ./MCAL/stm32f103c6_gpio.o
                0x00000000080008f8                MCAL_GPIO_init
 .text.MCAL_GPIO_readPort
                0x0000000008000ad8       0x18 ./MCAL/stm32f103c6_gpio.o
                0x0000000008000ad8                MCAL_GPIO_readPort
 .text.MCAL_GPIO_writePin
                0x0000000008000af0       0x3c ./MCAL/stm32f103c6_gpio.o
                0x0000000008000af0                MCAL_GPIO_writePin
 .text.MCAL_GPIO_writePort
                0x0000000008000b2c       0x1c ./MCAL/stm32f103c6_gpio.o
                0x0000000008000b2c                MCAL_GPIO_writePort
 .text.isOutput
                0x0000000008000b48       0x38 ./MCAL/stm32f103c6_gpio.o
                0x0000000008000b48                isOutput
 .text.getCRLH_Position
                0x0000000008000b80      0x170 ./MCAL/stm32f103c6_gpio.o
                0x0000000008000b80                getCRLH_Position
 .text.EXTI9_callback
                0x0000000008000cf0       0x14 ./Src/main.o
                0x0000000008000cf0                EXTI9_callback
 .text.main     0x0000000008000d04       0x68 ./Src/main.o
                0x0000000008000d04                main
 .text.Reset_Handler
                0x0000000008000d6c       0x50 ./Startup/startup_stm32f103c6tx.o
                0x0000000008000d6c                Reset_Handler
 .text.Default_Handler
                0x0000000008000dbc        0x2 ./Startup/startup_stm32f103c6tx.o
                0x0000000008000dbc                TIM8_TRG_COM_IRQHandler
                0x0000000008000dbc                TIM8_CC_IRQHandler
                0x0000000008000dbc                DebugMon_Handler
                0x0000000008000dbc                TIM1_CC_IRQHandler
                0x0000000008000dbc                HardFault_Handler
                0x0000000008000dbc                TIM6_IRQHandler
                0x0000000008000dbc                SysTick_Handler
                0x0000000008000dbc                PVD_IRQHandler
                0x0000000008000dbc                SDIO_IRQHandler
                0x0000000008000dbc                PendSV_Handler
                0x0000000008000dbc                NMI_Handler
                0x0000000008000dbc                USB_HP_CAN_TX_IRQHandler
                0x0000000008000dbc                I2C2_EV_IRQHandler
                0x0000000008000dbc                UsageFault_Handler
                0x0000000008000dbc                ADC1_2_IRQHandler
                0x0000000008000dbc                SPI1_IRQHandler
                0x0000000008000dbc                CAN_SCE_IRQHandler
                0x0000000008000dbc                TAMPER_IRQHandler
                0x0000000008000dbc                TIM8_UP_IRQHandler
                0x0000000008000dbc                DMA2_Channel2_IRQHandler
                0x0000000008000dbc                DMA1_Channel4_IRQHandler
                0x0000000008000dbc                USART3_IRQHandler
                0x0000000008000dbc                RTC_IRQHandler
                0x0000000008000dbc                DMA1_Channel7_IRQHandler
                0x0000000008000dbc                UART5_IRQHandler
                0x0000000008000dbc                ADC3_IRQHandler
                0x0000000008000dbc                TIM4_IRQHandler
                0x0000000008000dbc                CAN_RX1_IRQHandler
                0x0000000008000dbc                DMA2_Channel1_IRQHandler
                0x0000000008000dbc                I2C1_EV_IRQHandler
                0x0000000008000dbc                DMA1_Channel6_IRQHandler
                0x0000000008000dbc                UART4_IRQHandler
                0x0000000008000dbc                TIM3_IRQHandler
                0x0000000008000dbc                RCC_IRQHandler
                0x0000000008000dbc                TIM1_TRG_COM_IRQHandler
                0x0000000008000dbc                DMA1_Channel1_IRQHandler
                0x0000000008000dbc                Default_Handler
                0x0000000008000dbc                TIM7_IRQHandler
                0x0000000008000dbc                TIM5_IRQHandler
                0x0000000008000dbc                SPI2_IRQHandler
                0x0000000008000dbc                USB_LP_CAN_RX0_IRQHandler
                0x0000000008000dbc                MemManage_Handler
                0x0000000008000dbc                SVC_Handler
                0x0000000008000dbc                DMA1_Channel5_IRQHandler
                0x0000000008000dbc                DMA1_Channel3_IRQHandler
                0x0000000008000dbc                FSMC_IRQHandler
                0x0000000008000dbc                TIM1_UP_IRQHandler
                0x0000000008000dbc                WWDG_IRQHandler
                0x0000000008000dbc                TIM2_IRQHandler
                0x0000000008000dbc                TIM1_BRK_IRQHandler
                0x0000000008000dbc                RTCAlarm_IRQHandler
                0x0000000008000dbc                DMA2_Channel4_5_IRQHandler
                0x0000000008000dbc                USART2_IRQHandler
                0x0000000008000dbc                I2C2_ER_IRQHandler
                0x0000000008000dbc                DMA1_Channel2_IRQHandler
                0x0000000008000dbc                TIM8_BRK_IRQHandler
                0x0000000008000dbc                FLASH_IRQHandler
                0x0000000008000dbc                BusFault_Handler
                0x0000000008000dbc                USART1_IRQHandler
                0x0000000008000dbc                SPI3_IRQHandler
                0x0000000008000dbc                I2C1_ER_IRQHandler
                0x0000000008000dbc                DMA2_Channel3_IRQHandler
 *fill*         0x0000000008000dbe        0x2 
 .text.__libc_init_array
                0x0000000008000dc0       0x48 F:/Program Files/ST/STM32CubeIDE_1.14.1/STM32CubeIDE/plugins/com.st.stm32cube.ide.mcu.externaltools.gnu-tools-for-stm32.11.3.rel1.win32_1.1.100.202309141235/tools/bin/../lib/gcc/arm-none-eabi/11.3.1/../../../../arm-none-eabi/lib/thumb/v7-m/nofp\libc_nano.a(libc_a-init.o)
                0x0000000008000dc0                __libc_init_array
 *(.glue_7)
 .glue_7        0x0000000008000e08        0x0 linker stubs
 *(.glue_7t)
 .glue_7t       0x0000000008000e08        0x0 linker stubs
 *(.eh_frame)
 .eh_frame      0x0000000008000e08        0x0 F:/Program Files/ST/STM32CubeIDE_1.14.1/STM32CubeIDE/plugins/com.st.stm32cube.ide.mcu.externaltools.gnu-tools-for-stm32.11.3.rel1.win32_1.1.100.202309141235/tools/bin/../lib/gcc/arm-none-eabi/11.3.1/thumb/v7-m/nofp/crtbegin.o
 *(.init)
 .init          0x0000000008000e08        0x4 F:/Program Files/ST/STM32CubeIDE_1.14.1/STM32CubeIDE/plugins/com.st.stm32cube.ide.mcu.externaltools.gnu-tools-for-stm32.11.3.rel1.win32_1.1.100.202309141235/tools/bin/../lib/gcc/arm-none-eabi/11.3.1/thumb/v7-m/nofp/crti.o
                0x0000000008000e08                _init
 .init          0x0000000008000e0c        0x8 F:/Program Files/ST/STM32CubeIDE_1.14.1/STM32CubeIDE/plugins/com.st.stm32cube.ide.mcu.externaltools.gnu-tools-for-stm32.11.3.rel1.win32_1.1.100.202309141235/tools/bin/../lib/gcc/arm-none-eabi/11.3.1/thumb/v7-m/nofp/crtn.o
 *(.fini)
 .fini          0x0000000008000e14        0x4 F:/Program Files/ST/STM32CubeIDE_1.14.1/STM32CubeIDE/plugins/com.st.stm32cube.ide.mcu.externaltools.gnu-tools-for-stm32.11.3.rel1.win32_1.1.100.202309141235/tools/bin/../lib/gcc/arm-none-eabi/11.3.1/thumb/v7-m/nofp/crti.o
                0x0000000008000e14                _fini
 .fini          0x0000000008000e18        0x8 F:/Program Files/ST/STM32CubeIDE_1.14.1/STM32CubeIDE/plugins/com.st.stm32cube.ide.mcu.externaltools.gnu-tools-for-stm32.11.3.rel1.win32_1.1.100.202309141235/tools/bin/../lib/gcc/arm-none-eabi/11.3.1/thumb/v7-m/nofp/crtn.o
                0x0000000008000e20                . = ALIGN (0x4)
                0x0000000008000e20                _etext = .

.vfp11_veneer   0x0000000008000e20        0x0
 .vfp11_veneer  0x0000000008000e20        0x0 linker stubs

.v4_bx          0x0000000008000e20        0x0
 .v4_bx         0x0000000008000e20        0x0 linker stubs

.iplt           0x0000000008000e20        0x0
 .iplt          0x0000000008000e20        0x0 F:/Program Files/ST/STM32CubeIDE_1.14.1/STM32CubeIDE/plugins/com.st.stm32cube.ide.mcu.externaltools.gnu-tools-for-stm32.11.3.rel1.win32_1.1.100.202309141235/tools/bin/../lib/gcc/arm-none-eabi/11.3.1/thumb/v7-m/nofp/crtbegin.o

.rodata         0x0000000008000e20       0x14
                0x0000000008000e20                . = ALIGN (0x4)
 *(.rodata)
 .rodata        0x0000000008000e20        0x4 ./HAL/lcd.o
 .rodata        0x0000000008000e24       0x10 ./Src/main.o
 *(.rodata*)
                0x0000000008000e34                . = ALIGN (0x4)

.rel.dyn        0x0000000008000e34        0x0
 .rel.iplt      0x0000000008000e34        0x0 F:/Program Files/ST/STM32CubeIDE_1.14.1/STM32CubeIDE/plugins/com.st.stm32cube.ide.mcu.externaltools.gnu-tools-for-stm32.11.3.rel1.win32_1.1.100.202309141235/tools/bin/../lib/gcc/arm-none-eabi/11.3.1/thumb/v7-m/nofp/crtbegin.o

.ARM.extab      0x0000000008000e34        0x0
                0x0000000008000e34                . = ALIGN (0x4)
 *(.ARM.extab* .gnu.linkonce.armextab.*)
                0x0000000008000e34                . = ALIGN (0x4)

.ARM            0x0000000008000e34        0x0
                0x0000000008000e34                . = ALIGN (0x4)
                0x0000000008000e34                __exidx_start = .
 *(.ARM.exidx*)
                0x0000000008000e34                __exidx_end = .
                0x0000000008000e34                . = ALIGN (0x4)

.preinit_array  0x0000000008000e34        0x0
                0x0000000008000e34                . = ALIGN (0x4)
                0x0000000008000e34                PROVIDE (__preinit_array_start = .)
 *(.preinit_array*)
                0x0000000008000e34                PROVIDE (__preinit_array_end = .)
                0x0000000008000e34                . = ALIGN (0x4)

.init_array     0x0000000008000e34        0x4
                0x0000000008000e34                . = ALIGN (0x4)
                0x0000000008000e34                PROVIDE (__init_array_start = .)
 *(SORT_BY_NAME(.init_array.*))
 *(.init_array*)
 .init_array    0x0000000008000e34        0x4 F:/Program Files/ST/STM32CubeIDE_1.14.1/STM32CubeIDE/plugins/com.st.stm32cube.ide.mcu.externaltools.gnu-tools-for-stm32.11.3.rel1.win32_1.1.100.202309141235/tools/bin/../lib/gcc/arm-none-eabi/11.3.1/thumb/v7-m/nofp/crtbegin.o
                0x0000000008000e38                PROVIDE (__init_array_end = .)
                0x0000000008000e38                . = ALIGN (0x4)

.fini_array     0x0000000008000e38        0x4
                0x0000000008000e38                . = ALIGN (0x4)
                [!provide]                        PROVIDE (__fini_array_start = .)
 *(SORT_BY_NAME(.fini_array.*))
 *(.fini_array*)
 .fini_array    0x0000000008000e38        0x4 F:/Program Files/ST/STM32CubeIDE_1.14.1/STM32CubeIDE/plugins/com.st.stm32cube.ide.mcu.externaltools.gnu-tools-for-stm32.11.3.rel1.win32_1.1.100.202309141235/tools/bin/../lib/gcc/arm-none-eabi/11.3.1/thumb/v7-m/nofp/crtbegin.o
                [!provide]                        PROVIDE (__fini_array_end = .)
                0x0000000008000e3c                . = ALIGN (0x4)
                0x0000000008000e3c                _sidata = LOADADDR (.data)

.data           0x0000000020000000        0x0 load address 0x0000000008000e3c
                0x0000000020000000                . = ALIGN (0x4)
                0x0000000020000000                _sdata = .
 *(.data)
 *(.data*)
 *(.RamFunc)
 *(.RamFunc*)
                0x0000000020000000                . = ALIGN (0x4)
                0x0000000020000000                _edata = .

.igot.plt       0x0000000020000000        0x0 load address 0x0000000008000e3c
 .igot.plt      0x0000000020000000        0x0 F:/Program Files/ST/STM32CubeIDE_1.14.1/STM32CubeIDE/plugins/com.st.stm32cube.ide.mcu.externaltools.gnu-tools-for-stm32.11.3.rel1.win32_1.1.100.202309141235/tools/bin/../lib/gcc/arm-none-eabi/11.3.1/thumb/v7-m/nofp/crtbegin.o
                0x0000000020000000                . = ALIGN (0x4)

.bss            0x0000000020000000       0x58 load address 0x0000000008000e3c
                0x0000000020000000                _sbss = .
                0x0000000020000000                __bss_start__ = _sbss
 *(.bss)
 .bss           0x0000000020000000       0x1c F:/Program Files/ST/STM32CubeIDE_1.14.1/STM32CubeIDE/plugins/com.st.stm32cube.ide.mcu.externaltools.gnu-tools-for-stm32.11.3.rel1.win32_1.1.100.202309141235/tools/bin/../lib/gcc/arm-none-eabi/11.3.1/thumb/v7-m/nofp/crtbegin.o
 *(.bss*)
 .bss.GP_IRQ_callBack
                0x000000002000001c       0x3c ./MCAL/stm32f103c6_exti.o
                0x000000002000001c                GP_IRQ_callBack
 *(COMMON)
                0x0000000020000058                . = ALIGN (0x4)
                0x0000000020000058                _ebss = .
                0x0000000020000058                __bss_end__ = _ebss

._user_heap_stack
                0x0000000020000058      0x600 load address 0x0000000008000e3c
                0x0000000020000058                . = ALIGN (0x8)
                [!provide]                        PROVIDE (end = .)
                0x0000000020000058                PROVIDE (_end = .)
                0x0000000020000258                . = (. + _Min_Heap_Size)
 *fill*         0x0000000020000058      0x200 
                0x0000000020000658                . = (. + _Min_Stack_Size)
 *fill*         0x0000000020000258      0x400 
                0x0000000020000658                . = ALIGN (0x8)

/DISCARD/
 libc.a(*)
 libm.a(*)
 libgcc.a(*)

.ARM.attributes
                0x0000000000000000       0x29
 *(.ARM.attributes)
 .ARM.attributes
                0x0000000000000000       0x1d F:/Program Files/ST/STM32CubeIDE_1.14.1/STM32CubeIDE/plugins/com.st.stm32cube.ide.mcu.externaltools.gnu-tools-for-stm32.11.3.rel1.win32_1.1.100.202309141235/tools/bin/../lib/gcc/arm-none-eabi/11.3.1/thumb/v7-m/nofp/crti.o
 .ARM.attributes
                0x000000000000001d       0x2d F:/Program Files/ST/STM32CubeIDE_1.14.1/STM32CubeIDE/plugins/com.st.stm32cube.ide.mcu.externaltools.gnu-tools-for-stm32.11.3.rel1.win32_1.1.100.202309141235/tools/bin/../lib/gcc/arm-none-eabi/11.3.1/thumb/v7-m/nofp/crtbegin.o
 .ARM.attributes
                0x000000000000004a       0x2d ./HAL/lcd.o
 .ARM.attributes
                0x0000000000000077       0x2d ./MCAL/delay.o
 .ARM.attributes
                0x00000000000000a4       0x2d ./MCAL/stm32f103c6_exti.o
 .ARM.attributes
                0x00000000000000d1       0x2d ./MCAL/stm32f103c6_gpio.o
 .ARM.attributes
                0x00000000000000fe       0x2d ./Src/main.o
 .ARM.attributes
                0x000000000000012b       0x21 ./Startup/startup_stm32f103c6tx.o
 .ARM.attributes
                0x000000000000014c       0x2d F:/Program Files/ST/STM32CubeIDE_1.14.1/STM32CubeIDE/plugins/com.st.stm32cube.ide.mcu.externaltools.gnu-tools-for-stm32.11.3.rel1.win32_1.1.100.202309141235/tools/bin/../lib/gcc/arm-none-eabi/11.3.1/../../../../arm-none-eabi/lib/thumb/v7-m/nofp\libc_nano.a(libc_a-init.o)
 .ARM.attributes
                0x0000000000000179       0x1d F:/Program Files/ST/STM32CubeIDE_1.14.1/STM32CubeIDE/plugins/com.st.stm32cube.ide.mcu.externaltools.gnu-tools-for-stm32.11.3.rel1.win32_1.1.100.202309141235/tools/bin/../lib/gcc/arm-none-eabi/11.3.1/thumb/v7-m/nofp/crtn.o
OUTPUT(Unit7_L4_EXTI_Driver_STM32CubeProject.elf elf32-littlearm)
LOAD linker stubs
LOAD F:/Program Files/ST/STM32CubeIDE_1.14.1/STM32CubeIDE/plugins/com.st.stm32cube.ide.mcu.externaltools.gnu-tools-for-stm32.11.3.rel1.win32_1.1.100.202309141235/tools/bin/../lib/gcc/arm-none-eabi/11.3.1/../../../../arm-none-eabi/lib/thumb/v7-m/nofp\libc.a
LOAD F:/Program Files/ST/STM32CubeIDE_1.14.1/STM32CubeIDE/plugins/com.st.stm32cube.ide.mcu.externaltools.gnu-tools-for-stm32.11.3.rel1.win32_1.1.100.202309141235/tools/bin/../lib/gcc/arm-none-eabi/11.3.1/../../../../arm-none-eabi/lib/thumb/v7-m/nofp\libm.a
LOAD F:/Program Files/ST/STM32CubeIDE_1.14.1/STM32CubeIDE/plugins/com.st.stm32cube.ide.mcu.externaltools.gnu-tools-for-stm32.11.3.rel1.win32_1.1.100.202309141235/tools/bin/../lib/gcc/arm-none-eabi/11.3.1/thumb/v7-m/nofp\libgcc.a

.comment        0x0000000000000000       0x43
 .comment       0x0000000000000000       0x43 F:/Program Files/ST/STM32CubeIDE_1.14.1/STM32CubeIDE/plugins/com.st.stm32cube.ide.mcu.externaltools.gnu-tools-for-stm32.11.3.rel1.win32_1.1.100.202309141235/tools/bin/../lib/gcc/arm-none-eabi/11.3.1/thumb/v7-m/nofp/crtbegin.o
                                         0x44 (size before relaxing)
 .comment       0x0000000000000043       0x44 ./HAL/lcd.o
 .comment       0x0000000000000043       0x44 ./MCAL/delay.o
 .comment       0x0000000000000043       0x44 ./MCAL/stm32f103c6_exti.o
 .comment       0x0000000000000043       0x44 ./MCAL/stm32f103c6_gpio.o
 .comment       0x0000000000000043       0x44 ./Src/main.o

.debug_info     0x0000000000000000     0x11dc
 .debug_info    0x0000000000000000      0x45c ./HAL/lcd.o
 .debug_info    0x000000000000045c       0xd0 ./MCAL/delay.o
 .debug_info    0x000000000000052c      0x4a8 ./MCAL/stm32f103c6_exti.o
 .debug_info    0x00000000000009d4      0x4a3 ./MCAL/stm32f103c6_gpio.o
 .debug_info    0x0000000000000e77      0x343 ./Src/main.o
 .debug_info    0x00000000000011ba       0x22 ./Startup/startup_stm32f103c6tx.o

.debug_abbrev   0x0000000000000000      0x5a1
 .debug_abbrev  0x0000000000000000      0x18c ./HAL/lcd.o
 .debug_abbrev  0x000000000000018c       0x83 ./MCAL/delay.o
 .debug_abbrev  0x000000000000020f      0x175 ./MCAL/stm32f103c6_exti.o
 .debug_abbrev  0x0000000000000384      0x106 ./MCAL/stm32f103c6_gpio.o
 .debug_abbrev  0x000000000000048a      0x105 ./Src/main.o
 .debug_abbrev  0x000000000000058f       0x12 ./Startup/startup_stm32f103c6tx.o

.debug_loc      0x0000000000000000      0x9d0
 .debug_loc     0x0000000000000000      0x304 ./HAL/lcd.o
 .debug_loc     0x0000000000000304       0x5c ./MCAL/delay.o
 .debug_loc     0x0000000000000360      0x280 ./MCAL/stm32f103c6_exti.o
 .debug_loc     0x00000000000005e0      0x38c ./MCAL/stm32f103c6_gpio.o
 .debug_loc     0x000000000000096c       0x64 ./Src/main.o

.debug_aranges  0x0000000000000000      0x1b8
 .debug_aranges
                0x0000000000000000       0x70 ./HAL/lcd.o
 .debug_aranges
                0x0000000000000070       0x20 ./MCAL/delay.o
 .debug_aranges
                0x0000000000000090       0x70 ./MCAL/stm32f103c6_exti.o
 .debug_aranges
                0x0000000000000100       0x68 ./MCAL/stm32f103c6_gpio.o
 .debug_aranges
                0x0000000000000168       0x28 ./Src/main.o
 .debug_aranges
                0x0000000000000190       0x28 ./Startup/startup_stm32f103c6tx.o

.debug_ranges   0x0000000000000000      0x160
 .debug_ranges  0x0000000000000000       0x60 ./HAL/lcd.o
 .debug_ranges  0x0000000000000060       0x10 ./MCAL/delay.o
 .debug_ranges  0x0000000000000070       0x60 ./MCAL/stm32f103c6_exti.o
 .debug_ranges  0x00000000000000d0       0x58 ./MCAL/stm32f103c6_gpio.o
 .debug_ranges  0x0000000000000128       0x18 ./Src/main.o
 .debug_ranges  0x0000000000000140       0x20 ./Startup/startup_stm32f103c6tx.o

.debug_macro    0x0000000000000000     0x13dc
 .debug_macro   0x0000000000000000       0x54 ./HAL/lcd.o
 .debug_macro   0x0000000000000054      0xaa2 ./HAL/lcd.o
 .debug_macro   0x0000000000000af6       0x34 ./HAL/lcd.o
 .debug_macro   0x0000000000000b2a      0x198 ./HAL/lcd.o
 .debug_macro   0x0000000000000cc2       0xc4 ./HAL/lcd.o
 .debug_macro   0x0000000000000d86       0x3a ./HAL/lcd.o
 .debug_macro   0x0000000000000dc0       0x9a ./HAL/lcd.o
 .debug_macro   0x0000000000000e5a       0x24 ./MCAL/delay.o
 .debug_macro   0x0000000000000e7e       0x41 ./MCAL/stm32f103c6_exti.o
 .debug_macro   0x0000000000000ebf      0x192 ./MCAL/stm32f103c6_exti.o
 .debug_macro   0x0000000000001051       0xca ./MCAL/stm32f103c6_exti.o
 .debug_macro   0x000000000000111b      0x21e ./MCAL/stm32f103c6_exti.o
 .debug_macro   0x0000000000001339       0x38 ./MCAL/stm32f103c6_gpio.o
 .debug_macro   0x0000000000001371       0x6b ./Src/main.o

.debug_line     0x0000000000000000      0xd8c
 .debug_line    0x0000000000000000      0x2e8 ./HAL/lcd.o
 .debug_line    0x00000000000002e8       0xed ./MCAL/delay.o
 .debug_line    0x00000000000003d5      0x436 ./MCAL/stm32f103c6_exti.o
 .debug_line    0x000000000000080b      0x36c ./MCAL/stm32f103c6_gpio.o
 .debug_line    0x0000000000000b77      0x191 ./Src/main.o
 .debug_line    0x0000000000000d08       0x84 ./Startup/startup_stm32f103c6tx.o

.debug_str      0x0000000000000000     0x55a1
 .debug_str     0x0000000000000000     0x4018 ./HAL/lcd.o
                                       0x40a1 (size before relaxing)
 .debug_str     0x0000000000004018       0x10 ./MCAL/delay.o
                                       0x2eab (size before relaxing)
 .debug_str     0x0000000000004028     0x1429 ./MCAL/stm32f103c6_exti.o
                                       0x4efe (size before relaxing)
 .debug_str     0x0000000000005451       0xff ./MCAL/stm32f103c6_gpio.o
                                       0x3c09 (size before relaxing)
 .debug_str     0x0000000000005550       0x22 ./Src/main.o
                                       0x5267 (size before relaxing)
 .debug_str     0x0000000000005572       0x2f ./Startup/startup_stm32f103c6tx.o
                                         0x86 (size before relaxing)

.debug_frame    0x0000000000000000      0x53c
 .debug_frame   0x0000000000000000      0x184 ./HAL/lcd.o
 .debug_frame   0x0000000000000184       0x38 ./MCAL/delay.o
 .debug_frame   0x00000000000001bc      0x168 ./MCAL/stm32f103c6_exti.o
 .debug_frame   0x0000000000000324      0x1a0 ./MCAL/stm32f103c6_gpio.o
 .debug_frame   0x00000000000004c4       0x4c ./Src/main.o
 .debug_frame   0x0000000000000510       0x2c F:/Program Files/ST/STM32CubeIDE_1.14.1/STM32CubeIDE/plugins/com.st.stm32cube.ide.mcu.externaltools.gnu-tools-for-stm32.11.3.rel1.win32_1.1.100.202309141235/tools/bin/../lib/gcc/arm-none-eabi/11.3.1/../../../../arm-none-eabi/lib/thumb/v7-m/nofp\libc_nano.a(libc_a-init.o)
