
Memory Configuration

Name             Origin             Length             Attributes
FLASH            0x08000000         0x00020000         xr
SRAM             0x20000000         0x00005000         xrw
*default*        0x00000000         0xffffffff

Linker script and memory map


.text           0x08000000      0x170
 *(.vectors*)
 .vectors       0x08000000       0x50 startup.o
 *(.text*)
 .text          0x08000050       0xc0 LED_init.o
                0x08000050                LED_Init
                0x080000a4                LED_On
                0x080000d8                LED_Off
 .text          0x08000110       0x58 main.o
                0x08000110                main
                0x0800013c                Delay
 .text          0x08000168        0x8 startup.o
 *(.rodata)

.glue_7         0x08000170        0x0
 .glue_7        0x00000000        0x0 linker stubs

.glue_7t        0x08000170        0x0
 .glue_7t       0x00000000        0x0 linker stubs

.vfp11_veneer   0x08000170        0x0
 .vfp11_veneer  0x00000000        0x0 linker stubs

.v4_bx          0x08000170        0x0
 .v4_bx         0x00000000        0x0 linker stubs

.iplt           0x08000170        0x0
 .iplt          0x00000000        0x0 main.o

.rel.dyn        0x08000170        0x0
 .rel.iplt      0x00000000        0x0 main.o

.data           0x08000170        0x0
 *(.data)
 .data          0x08000170        0x0 LED_init.o
 .data          0x08000170        0x0 main.o
 .data          0x08000170        0x0 startup.o

.igot.plt       0x08000170        0x0
 .igot.plt      0x00000000        0x0 main.o

.bss            0x20000000        0x0
 *(.bss)
 .bss           0x20000000        0x0 LED_init.o
 .bss           0x20000000        0x0 main.o
 .bss           0x20000000        0x0 startup.o
LOAD LED_init.o
LOAD main.o
LOAD startup.o
OUTPUT(learn_in_depth_cortexM3.elf elf32-littlearm)

.comment        0x00000000       0x11
 .comment       0x00000000       0x11 LED_init.o
                                 0x12 (size before relaxing)
 .comment       0x00000000       0x12 main.o

.ARM.attributes
                0x00000000       0x31
 .ARM.attributes
                0x00000000       0x33 LED_init.o
 .ARM.attributes
                0x00000033       0x33 main.o
 .ARM.attributes
                0x00000066       0x21 startup.o
