
Memory Configuration

Name             Origin             Length             Attributes
FLASH            0x08000000         0x00020000         xr
SRAM             0x20000000         0x00005000         xrw
*default*        0x00000000         0xffffffff

Linker script and memory map


.text           0x08000000      0x170
 *(.vectors*)
 .vectors       0x08000000       0x50 startup.o
 *(.text*)
 .text          0x08000050       0xc0 LED_init.o
                0x08000050                LED_Init
                0x080000a4                LED_On
                0x080000d8                LED_Off
 .text          0x08000110       0x58 main.o
                0x08000110                main
                0x0800013c                Delay
 .text          0x08000168        0x8 startup.o
 *(.rodata)

.glue_7         0x08000170        0x0
 .glue_7        0x00000000        0x0 linker stubs

.glue_7t        0x08000170        0x0
 .glue_7t       0x00000000        0x0 linker stubs

.vfp11_veneer   0x08000170        0x0
 .vfp11_veneer  0x00000000        0x0 linker stubs

.v4_bx          0x08000170        0x0
 .v4_bx         0x00000000        0x0 linker stubs

.iplt           0x08000170        0x0
 .iplt          0x00000000        0x0 LED_init.o

.rel.dyn        0x08000170        0x0
 .rel.iplt      0x00000000        0x0 LED_init.o

.data           0x08000170        0x0
 *(.data)
 .data          0x08000170        0x0 LED_init.o
 .data          0x08000170        0x0 main.o
 .data          0x08000170        0x0 startup.o

.igot.plt       0x08000170        0x0
 .igot.plt      0x00000000        0x0 LED_init.o

.bss            0x20000000        0x0
 *(.bss)
 .bss           0x20000000        0x0 LED_init.o
 .bss           0x20000000        0x0 main.o
 .bss           0x20000000        0x0 startup.o
LOAD LED_init.o
LOAD main.o
LOAD startup.o
OUTPUT(learn_in_depth_cortexM3.elf elf32-littlearm)

.debug_info     0x00000000      0x273
 .debug_info    0x00000000       0xf8 LED_init.o
 .debug_info    0x000000f8       0xc4 main.o
 .debug_info    0x000001bc       0xb7 startup.o

.debug_abbrev   0x00000000      0x123
 .debug_abbrev  0x00000000       0x95 LED_init.o
 .debug_abbrev  0x00000095       0x7a main.o
 .debug_abbrev  0x0000010f       0x14 startup.o

.debug_loc      0x00000000      0x100
 .debug_loc     0x00000000       0x9c LED_init.o
 .debug_loc     0x0000009c       0x64 main.o

.debug_aranges  0x00000000       0x60
 .debug_aranges
                0x00000000       0x20 LED_init.o
 .debug_aranges
                0x00000020       0x20 main.o
 .debug_aranges
                0x00000040       0x20 startup.o

.debug_line     0x00000000      0x136
 .debug_line    0x00000000       0x9c LED_init.o
 .debug_line    0x0000009c       0x5f main.o
 .debug_line    0x000000fb       0x3b startup.o

.debug_str      0x00000000      0x12d
 .debug_str     0x00000000      0x11b LED_init.o
                                0x158 (size before relaxing)
 .debug_str     0x0000011b       0x12 main.o
                                0x134 (size before relaxing)

.comment        0x00000000       0x11
 .comment       0x00000000       0x11 LED_init.o
                                 0x12 (size before relaxing)
 .comment       0x00000000       0x12 main.o

.ARM.attributes
                0x00000000       0x31
 .ARM.attributes
                0x00000000       0x33 LED_init.o
 .ARM.attributes
                0x00000033       0x33 main.o
 .ARM.attributes
                0x00000066       0x21 startup.o

.debug_frame    0x00000000       0xa8
 .debug_frame   0x00000000       0x60 LED_init.o
 .debug_frame   0x00000060       0x48 main.o
